Microchip MPLAB XC8 Compiler V2.32

Linker command line:

-W-3 --edf=C:\Program Files\Microchip\xc8\v2.32\pic\dat\en_msgs.txt -cn \
  -h+dist/default/debug\INA260.X.debug.sym \
  --cmf=dist/default/debug\INA260.X.debug.cmf -z -Q18F26K80 \
  -oC:\Users\D1NG0\AppData\Local\Temp\xcAs7mk.4 --defsym=__MPLAB_BUILD=1 \
  -Mdist/default/debug/INA260.X.debug.map -E1 -ver=XC8 Compiler \
  --acfsm=1493 -ASTACK=084h-0E40h -pstack=STACK -ACODE=00h-0FFFFh \
  -ACONST=00h-0FFFFh -ASMALLCONST=0F00h-0FFFhx241 \
  -AMEDIUMCONST=0F00h-0FFFFh -ACOMRAM=01h-05Fh -AABS1=00h-0E40h \
  -ABIGRAM=01h-0E40h -ARAM=060h-0FFh,0100h-01FFhx13,0E00h-0E40h \
  -ABANK0=060h-0FFh -ABANK1=0100h-01FFh -ABANK2=0200h-02FFh \
  -ABANK3=0300h-03FFh -ABANK4=0400h-04FFh -ABANK5=0500h-05FFh \
  -ABANK6=0600h-06FFh -ABANK7=0700h-07FFh -ABANK8=0800h-08FFh \
  -ABANK9=0900h-09FFh -ABANK10=0A00h-0AFFh -ABANK11=0B00h-0BFFh \
  -ABANK12=0C00h-0CFFh -ABANK13=0D00h-0DFFh -ABANK14=0E00h-0E40h \
  -ASFR=0E41h-0EFFh,0F00h-0F5Fh,0F60h-0FFFh -ACONFIG=0300000h-030000Dh \
  -AIDLOC=0200000h-0200007h -AEEDATA=0F00000h-0F003FFh -peeprom_data=EEDATA \
  -preset_vec=00h,intcode,intcodelo,powerup,init -pramtop=0F00h \
  -psmallconst=SMALLCONST -pmediumconst=MEDIUMCONST -pconst=CONST \
  -AFARRAM=00h-00h \
  -prdata=COMRAM,nvrram=COMRAM,nvbit=COMRAM,rbss=COMRAM,rbit=COMRAM \
  -pfarbss=FARRAM,fardata=FARRAM,nvFARRAM=FARRAM \
  -pintsave_regs=BIGRAM,bigbss=BIGRAM,bigdata=BIGRAM -pbss=RAM \
  -pidata=CODE,irdata=CODE,ibigdata=CODE,ifardata=CODE -prparam=COMRAM \
  C:\Users\D1NG0\AppData\Local\Temp\xcAs7mk.o \
  dist/default/debug\INA260.X.debug.o 

Object code version is 3.11

Machine type is 18F26K80



                Name                               Link     Load   Length Selector   Space Scale
C:\Users\D1NG0\AppData\Local\Temp\xcAs7mk.o
                idloc                            200000   200000        8        0       5
                config                           300000   300000        E        0       4
                init                                  0        0        4        0       0
dist/default/debug\INA260.X.debug.o
                idloc                            200000   200000        8        0       5
                config                           300000   300000        E        0       4
                smallconst                          F00      F00       22      780       0
                text51                             1ADC     1ADC       22      791       0
                text50                             1C50     1C50        4      791       0
                text49                             1C4C     1C4C        4      791       0
                text48                             1C48     1C48        4      791       0
                text47                             1A96     1A96       24      791       0
                text46                             16D8     16D8       7A      791       0
                text45                             1B1C     1B1C       18      791       0
                text44                             1A44     1A44       2C      791       0
                text43                             1A18     1A18       2C      791       0
                text42                             19EC     19EC       2C      791       0
                text41                             19C0     19C0       2C      791       0
                text40                             194A     194A       40      791       0
                text39                             1C20     1C20        8      791       0
                text38                             1C44     1C44        4      791       0
                text37                             1C40     1C40        4      791       0
                text36                             1C2E     1C2E        6      791       0
                text35                             1C3C     1C3C        4      791       0
                text34                             1C28     1C28        6      791       0
                text33                             1C18     1C18        8      791       0
                text32                             1B48     1B48       14      791       0
                text31                             1C38     1C38        4      791       0
                text30                             1834     1834       6C      791       0
                text29                             1BD4     1BD4        C      791       0
                text28                             1B9E     1B9E       10      791       0
                text27                             1B8E     1B8E       10      791       0
                text26                             1500     1500       B4      791       0
                text25                             15B4     15B4       96      791       0
                text24                             1BC8     1BC8        C      791       0
                text23                             1C10     1C10        8      791       0
                text22                             1C08     1C08        8      791       0
                text21                             1C00     1C00        8      791       0
                text20                             1BF8     1BF8        8      791       0
                text19                             1BF0     1BF0        8      791       0
                text18                             1BE8     1BE8        8      791       0
                text17                             1BE0     1BE0        8      791       0
                text16                             1BBC     1BBC        C      791       0
                text15                             18A0     18A0       66      791       0
                text14                             1C34     1C34        4      791       0
                text13                             17C4     17C4       70      791       0
                text12                             1B7E     1B7E       10      791       0
                text11                             1AFE     1AFE       1E      791       0
                text10                             1906     1906       44      791       0
                text9                              1ABA     1ABA       22      791       0
                text8                              164A     164A       8E      791       0
                text7                               F22      F22      42A      791       0
                text6                              134C     134C      1B4      791       0
                text5                              1752     1752       72      791       0
                text4                              1B34     1B34       14      791       0
                text3                              1B5C     1B5C       12      791       0
                text2                              1A70     1A70       26      791       0
                text1                              1BAE     1BAE        E      791       0
                text0                              1B6E     1B6E       10      791       0
                cstackCOMRAM                          1        1       3D        1       1
                bssBANK0                             60       60       24       60       1
                dataCOMRAM                           49       49        2        1       1
                bssCOMRAM                            3E       3E        B        1       1
                cinit                              198A     198A       36      791       0
                idataCOMRAM                        1C54     1C54        2      791       0

TOTAL           Name                               Link     Load   Length     Space
        CLASS   STACK          

        CLASS   CODE           
                init                                  0        0        4         0
                text51                             1ADC     1ADC       22         0
                text50                             1C50     1C50        4         0
                text49                             1C4C     1C4C        4         0
                text48                             1C48     1C48        4         0
                text47                             1A96     1A96       24         0
                text46                             16D8     16D8       7A         0
                text45                             1B1C     1B1C       18         0
                text44                             1A44     1A44       2C         0
                text43                             1A18     1A18       2C         0
                text42                             19EC     19EC       2C         0
                text41                             19C0     19C0       2C         0
                text40                             194A     194A       40         0
                text39                             1C20     1C20        8         0
                text38                             1C44     1C44        4         0
                text37                             1C40     1C40        4         0
                text36                             1C2E     1C2E        6         0
                text35                             1C3C     1C3C        4         0
                text34                             1C28     1C28        6         0
                text33                             1C18     1C18        8         0
                text32                             1B48     1B48       14         0
                text31                             1C38     1C38        4         0
                text30                             1834     1834       6C         0
                text29                             1BD4     1BD4        C         0
                text28                             1B9E     1B9E       10         0
                text27                             1B8E     1B8E       10         0
                text26                             1500     1500       B4         0
                text25                             15B4     15B4       96         0
                text24                             1BC8     1BC8        C         0
                text23                             1C10     1C10        8         0
                text22                             1C08     1C08        8         0
                text21                             1C00     1C00        8         0
                text20                             1BF8     1BF8        8         0
                text19                             1BF0     1BF0        8         0
                text18                             1BE8     1BE8        8         0
                text17                             1BE0     1BE0        8         0
                text16                             1BBC     1BBC        C         0
                text15                             18A0     18A0       66         0
                text14                             1C34     1C34        4         0
                text13                             17C4     17C4       70         0
                text12                             1B7E     1B7E       10         0
                text11                             1AFE     1AFE       1E         0
                text10                             1906     1906       44         0
                text9                              1ABA     1ABA       22         0
                text8                              164A     164A       8E         0
                text7                               F22      F22      42A         0
                text6                              134C     134C      1B4         0
                text5                              1752     1752       72         0
                text4                              1B34     1B34       14         0
                text3                              1B5C     1B5C       12         0
                text2                              1A70     1A70       26         0
                text1                              1BAE     1BAE        E         0
                text0                              1B6E     1B6E       10         0
                cinit                              198A     198A       36         0
                idataCOMRAM                        1C54     1C54        2         0

        CLASS   CONST          

        CLASS   SMALLCONST     
                smallconst                          F00      F00       22         0

        CLASS   MEDIUMCONST    

        CLASS   COMRAM         
                cstackCOMRAM                          1        1       3D         1
                dataCOMRAM                           49       49        2         1
                bssCOMRAM                            3E       3E        B         1

        CLASS   ABS1           

        CLASS   BIGRAM         

        CLASS   RAM            

        CLASS   BANK0          
                bssBANK0                             60       60       24         1

        CLASS   BANK1          

        CLASS   BANK2          

        CLASS   BANK3          

        CLASS   BANK4          

        CLASS   BANK5          

        CLASS   BANK6          

        CLASS   BANK7          

        CLASS   BANK8          

        CLASS   BANK9          

        CLASS   BANK10         

        CLASS   BANK11         

        CLASS   BANK12         

        CLASS   BANK13         

        CLASS   BANK14         

        CLASS   SFR            

        CLASS   CONFIG         
                config                           300000   300000        E         4

        CLASS   IDLOC          
                idloc                            200000   200000        8         5

        CLASS   EEDATA         

        CLASS   FARRAM         



SEGMENTS        Name                           Load    Length   Top    Selector   Space  Class

                reset_vec                      000000  000004  000004         0       0  CODE    
                cstackCOMRAM                   000001  00004A  00004B         1       1  COMRAM  
                bssBANK0                       000060  000024  000084        60       1  BANK0   
                smallconst                     000F00  000022  000F22       780       0  SMALLCON
                text7                          000F22  000D34  001C56       791       0  CODE    


UNUSED ADDRESS RANGES

        Name                Unused          Largest block    Delta
        BANK0            000084-0000FF               7C
        BANK1            000100-0001FF              100
        BANK10           000A00-000AFF              100
        BANK11           000B00-000BFF              100
        BANK12           000C00-000CFF              100
        BANK13           000D00-000DFF              100
        BANK14           000E00-000E40               41
        BANK2            000200-0002FF              100
        BANK3            000300-0003FF              100
        BANK4            000400-0004FF              100
        BANK5            000500-0005FF              100
        BANK6            000600-0006FF              100
        BANK7            000700-0007FF              100
        BANK8            000800-0008FF              100
        BANK9            000900-0009FF              100
        BIGRAM           00004B-00005F               15
                         000084-000E40              DBD
        CODE             000004-000EFF              EFC
                         001C56-00FFFF             E3AA
        COMRAM           00004B-00005F               15
        CONST            000004-000EFF              EFC
                         001C56-00FFFF             E3AA
        EEDATA           F00000-F003FF              400
        MEDIUMCONST      001C56-00FFFF             E3AA
        RAM              000084-000E40              100
        SFR              000E41-000FFF               BF
        SMALLCONST       001C56-00FFFF              100
        STACK            000084-000E40              DBD

                                  Symbol Table

?_Adafruit_INA260_readBusVoltage         cstackCOMRAM 000039
?___flmul                                cstackCOMRAM 000020
?___xxtofl                               cstackCOMRAM 000012
BUS_REGISTER@byteorder                   cstackCOMRAM 000005
BUS_REGISTER@i2cdevice                   cstackCOMRAM 000007
BUS_REGISTER@reg_addr                    cstackCOMRAM 000001
BUS_REGISTER@witdh                       cstackCOMRAM 000003
I2C_CallbackReturnReset@funPtr           cstackCOMRAM 00000A
I2C_MasterOperation@read                 cstackCOMRAM 000010
I2C_MasterOperation@returnValue          cstackCOMRAM 000011
I2C_MasterSendTxData@data                cstackCOMRAM 000001
I2C_Open@address                         cstackCOMRAM 000001
I2C_Open@returnValue                     cstackCOMRAM 000002
I2C_SetBuffer@buffer                     cstackCOMRAM 000001
I2C_SetBuffer@bufferSize                 cstackCOMRAM 000003
I2C_SetCallback@cb                       cstackCOMRAM 000001
I2C_SetCallback@idx                      cstackCOMRAM 000005
I2C_SetCallback@ptr                      cstackCOMRAM 000003
I2C_SetDataCompleteCallback@cb           cstackCOMRAM 000006
I2C_SetDataCompleteCallback@ptr          cstackCOMRAM 000008
_ANCON0                                  (abs)        000F5D
_ANCON1                                  (abs)        000F5C
_Adafruit_INA260_getMode                 bssCOMRAM    000048
_Adafruit_INA260_readBusVoltage          text5        001752
_BUS_REGISTER                            text51       001ADC
_I2C_CallbackReturnReset                 text38       001C44
_I2C_CallbackReturnStop                  text39       001C20
_I2C_DO_ADDRESS_NACK                     text15       0018A0
_I2C_DO_IDLE                             text29       001BD4
_I2C_DO_RCEN                             text24       001BC8
_I2C_DO_RESET                            text16       001BBC
_I2C_DO_RX                               text25       0015B4
_I2C_DO_RX_ACK                           text19       001BF0
_I2C_DO_RX_NACK_RESTART                  text17       001BE0
_I2C_DO_RX_NACK_STOP                     text18       001BE8
_I2C_DO_SEND_ADR_READ                    text28       001B9E
_I2C_DO_SEND_ADR_WRITE                   text27       001B8E
_I2C_DO_SEND_RESTART                     text21       001C00
_I2C_DO_SEND_RESTART_READ                text23       001C10
_I2C_DO_SEND_RESTART_WRITE               text22       001C08
_I2C_DO_SEND_STOP                        text20       001BF8
_I2C_DO_TX                               text26       001500
_I2C_DO_TX_EMPTY                         text30       001834
_I2C_Initialize                          text4        001B34
_I2C_MasterClearIrq                      text14       001C34
_I2C_MasterEnableRestart                 text49       001C4C
_I2C_MasterFsm                           text13       0017C4
_I2C_MasterGetRxData                     text35       001C3C
_I2C_MasterIsNack                        text32       001B48
_I2C_MasterOpen                          text9        001ABA
_I2C_MasterOperation                     text10       001906
_I2C_MasterSendAck                       text34       001C28
_I2C_MasterSendNack                      text36       001C2E
_I2C_MasterSendTxData                    text33       001C18
_I2C_MasterSetIrq                        text31       001C38
_I2C_MasterStart                         text50       001C50
_I2C_MasterStartRx                       text37       001C40
_I2C_MasterStop                          text48       001C48
_I2C_MasterWaitForEvent                  text12       001B7E
_I2C_Open                                text8        00164A
_I2C_Poller                              text11       001AFE
_I2C_STOP                                (abs)        007E3C
_I2C_SetBuffer                           text47       001A96
_I2C_SetCallback                         text46       0016D8
_I2C_SetDataCompleteCallback             text45       001B1C
_I2C_Status                              bssBANK0     000060
_INTCON2bits                             (abs)        000FF1
_INTCONbits                              (abs)        000FF2
_LATA                                    (abs)        000F89
_LATB                                    (abs)        000F8A
_LATC                                    (abs)        000F8B
_OSCCON                                  (abs)        000FD3
_OSCCON2                                 (abs)        000FD2
_OSCILLATOR_Initialize                   text3        001B5C
_OSCTUNE                                 (abs)        000F9B
_PIE1bits                                (abs)        000F9D
_PIN_MANAGER_Initialize                  text2        001A70
_PIR1bits                                (abs)        000F9E
_PIR2bits                                (abs)        000FA1
_REFOCON                                 (abs)        000F9A
_SSPADD                                  (abs)        000FC8
_SSPBUF                                  (abs)        000FC9
_SSPCON1                                 (abs)        000FC6
_SSPCON1bits                             (abs)        000FC6
_SSPCON2                                 (abs)        000FC5
_SSPCON2bits                             (abs)        000FC5
_SSPSTAT                                 (abs)        000FC7
_SSPSTATbits                             (abs)        000FC7
_SYSTEM_Initialize                       text1        001BAE
_TRISA                                   (abs)        000F92
_TRISB                                   (abs)        000F93
_TRISC                                   (abs)        000F94
_WPUB                                    (abs)        000F5B
__HRAM                                   (abs)        000000
__Habs1                                  abs1         000000
__Hbank0                                 bank0        000000
__Hbank1                                 bank1        000000
__Hbank10                                bank10       000000
__Hbank11                                bank11       000000
__Hbank12                                bank12       000000
__Hbank13                                bank13       000000
__Hbank14                                bank14       000000
__Hbank2                                 bank2        000000
__Hbank3                                 bank3        000000
__Hbank4                                 bank4        000000
__Hbank5                                 bank5        000000
__Hbank6                                 bank6        000000
__Hbank7                                 bank7        000000
__Hbank8                                 bank8        000000
__Hbank9                                 bank9        000000
__Hbigbss                                bigbss       000000
__Hbigdata                               bigdata      000000
__Hbigram                                bigram       000000
__Hbss                                   bss          000000
__HbssBANK0                              bssBANK0     000000
__HbssCOMRAM                             bssCOMRAM    000000
__Hcinit                                 cinit        000000
__Hclrtext                               clrtext      000000
__Hcomram                                comram       000000
__Hconfig                                config       30000E
__Hconst                                 const        000000
__HcstackCOMRAM                          cstackCOMRAM 000000
__Hdata                                  data         000000
__HdataCOMRAM                            dataCOMRAM   000000
__Heeprom_data                           eeprom_data  000000
__Hfarbss                                farbss       000000
__Hfardata                               fardata      000000
__Hibigdata                              ibigdata     000000
__Hidata                                 idata        000000
__HidataCOMRAM                           idataCOMRAM  000000
__Hidloc                                 idloc        200008
__Hifardata                              ifardata     000000
__Hinit                                  init         000004
__Hintcode                               intcode      000000
__Hintcode_body                          intcode_body 000000
__Hintcodelo                             intcodelo    000000
__Hintentry                              intentry     000000
__Hintret                                intret       000000
__Hintsave_regs                          intsave_regs 000000
__Hirdata                                irdata       000000
__Hmediumconst                           mediumconst  000000
__HnvFARRAM                              nvFARRAM     000000
__Hnvbit                                 nvbit        000000
__Hnvrram                                nvrram       000000
__Hparam                                 rparam       000000
__Hpowerup                               powerup      000000
__Hram                                   ram          000000
__Hramtop                                ramtop       000F00
__Hrbit                                  rbit         000000
__Hrbss                                  rbss         000000
__Hrdata                                 rdata        000000
__Hreset_vec                             reset_vec    000000
__Hrparam                                rparam       000000
__Hsfr                                   sfr          000000
__Hsmallconst                            smallconst   000F22
__Hspace_0                               (abs)        001C56
__Hspace_1                               (abs)        000084
__Hspace_2                               (abs)        000000
__Hspace_4                               (abs)        60000E
__Hstack                                 stack        000000
__Hstruct                                struct       000000
__Htemp                                  temp         000000
__Htext                                  text         000000
__Htext0                                 text0        000000
__Htext1                                 text1        000000
__Htext10                                text10       000000
__Htext11                                text11       000000
__Htext12                                text12       000000
__Htext13                                text13       000000
__Htext14                                text14       000000
__Htext15                                text15       000000
__Htext16                                text16       000000
__Htext17                                text17       000000
__Htext18                                text18       000000
__Htext19                                text19       000000
__Htext2                                 text2        000000
__Htext20                                text20       000000
__Htext21                                text21       000000
__Htext22                                text22       000000
__Htext23                                text23       000000
__Htext24                                text24       000000
__Htext25                                text25       000000
__Htext26                                text26       000000
__Htext27                                text27       000000
__Htext28                                text28       000000
__Htext29                                text29       000000
__Htext3                                 text3        000000
__Htext30                                text30       000000
__Htext31                                text31       000000
__Htext32                                text32       000000
__Htext33                                text33       000000
__Htext34                                text34       000000
__Htext35                                text35       000000
__Htext36                                text36       000000
__Htext37                                text37       000000
__Htext38                                text38       000000
__Htext39                                text39       000000
__Htext4                                 text4        000000
__Htext40                                text40       000000
__Htext41                                text41       000000
__Htext42                                text42       000000
__Htext43                                text43       000000
__Htext44                                text44       000000
__Htext45                                text45       000000
__Htext46                                text46       000000
__Htext47                                text47       000000
__Htext48                                text48       000000
__Htext49                                text49       000000
__Htext5                                 text5        000000
__Htext50                                text50       000000
__Htext51                                text51       000000
__Htext52                                text52       000000
__Htext6                                 text6        000000
__Htext7                                 text7        000000
__Htext8                                 text8        000000
__Htext9                                 text9        000000
__LRAM                                   (abs)        000001
__Labs1                                  abs1         000000
__Lbank0                                 bank0        000000
__Lbank1                                 bank1        000000
__Lbank10                                bank10       000000
__Lbank11                                bank11       000000
__Lbank12                                bank12       000000
__Lbank13                                bank13       000000
__Lbank14                                bank14       000000
__Lbank2                                 bank2        000000
__Lbank3                                 bank3        000000
__Lbank4                                 bank4        000000
__Lbank5                                 bank5        000000
__Lbank6                                 bank6        000000
__Lbank7                                 bank7        000000
__Lbank8                                 bank8        000000
__Lbank9                                 bank9        000000
__Lbigbss                                bigbss       000000
__Lbigdata                               bigdata      000000
__Lbigram                                bigram       000000
__Lbss                                   bss          000000
__LbssBANK0                              bssBANK0     000000
__LbssCOMRAM                             bssCOMRAM    000000
__Lcinit                                 cinit        000000
__Lclrtext                               clrtext      000000
__Lcomram                                comram       000000
__Lconfig                                config       000000
__Lconst                                 const        000000
__LcstackCOMRAM                          cstackCOMRAM 000000
__Ldata                                  data         000000
__LdataCOMRAM                            dataCOMRAM   000000
__Leeprom_data                           eeprom_data  000000
__Lfarbss                                farbss       000000
__Lfardata                               fardata      000000
__Libigdata                              ibigdata     000000
__Lidata                                 idata        000000
__LidataCOMRAM                           idataCOMRAM  000000
__Lidloc                                 idloc        000000
__Lifardata                              ifardata     000000
__Linit                                  init         000000
__Lintcode                               intcode      000000
__Lintcode_body                          intcode_body 000000
__Lintcodelo                             intcodelo    000000
__Lintentry                              intentry     000000
__Lintret                                intret       000000
__Lintsave_regs                          intsave_regs 000000
__Lirdata                                irdata       000000
__Lmediumconst                           mediumconst  000000
__LnvFARRAM                              nvFARRAM     000000
__Lnvbit                                 nvbit        000000
__Lnvrram                                nvrram       000000
__Lparam                                 rparam       000000
__Lpowerup                               powerup      000000
__Lram                                   ram          000000
__Lramtop                                ramtop       000F00
__Lrbit                                  rbit         000000
__Lrbss                                  rbss         000000
__Lrdata                                 rdata        000000
__Lreset_vec                             reset_vec    000000
__Lrparam                                rparam       000000
__Lsfr                                   sfr          000000
__Lsmallconst                            smallconst   000F00
__Lspace_0                               (abs)        000000
__Lspace_1                               (abs)        000000
__Lspace_2                               (abs)        000000
__Lspace_4                               (abs)        000000
__Lstack                                 stack        000000
__Lstruct                                struct       000000
__Ltemp                                  temp         000000
__Ltext                                  text         000000
__Ltext0                                 text0        000000
__Ltext1                                 text1        000000
__Ltext10                                text10       000000
__Ltext11                                text11       000000
__Ltext12                                text12       000000
__Ltext13                                text13       000000
__Ltext14                                text14       000000
__Ltext15                                text15       000000
__Ltext16                                text16       000000
__Ltext17                                text17       000000
__Ltext18                                text18       000000
__Ltext19                                text19       000000
__Ltext2                                 text2        000000
__Ltext20                                text20       000000
__Ltext21                                text21       000000
__Ltext22                                text22       000000
__Ltext23                                text23       000000
__Ltext24                                text24       000000
__Ltext25                                text25       000000
__Ltext26                                text26       000000
__Ltext27                                text27       000000
__Ltext28                                text28       000000
__Ltext29                                text29       000000
__Ltext3                                 text3        000000
__Ltext30                                text30       000000
__Ltext31                                text31       000000
__Ltext32                                text32       000000
__Ltext33                                text33       000000
__Ltext34                                text34       000000
__Ltext35                                text35       000000
__Ltext36                                text36       000000
__Ltext37                                text37       000000
__Ltext38                                text38       000000
__Ltext39                                text39       000000
__Ltext4                                 text4        000000
__Ltext40                                text40       000000
__Ltext41                                text41       000000
__Ltext42                                text42       000000
__Ltext43                                text43       000000
__Ltext44                                text44       000000
__Ltext45                                text45       000000
__Ltext46                                text46       000000
__Ltext47                                text47       000000
__Ltext48                                text48       000000
__Ltext49                                text49       000000
__Ltext5                                 text5        000000
__Ltext50                                text50       000000
__Ltext51                                text51       000000
__Ltext52                                text52       000000
__Ltext6                                 text6        000000
__Ltext7                                 text7        000000
__Ltext8                                 text8        000000
__Ltext9                                 text9        000000
__S0                                     (abs)        001C56
__S1                                     (abs)        000084
__S2                                     (abs)        000000
__S4                                     (abs)        000000
__S5                                     (abs)        000000
___flmul                                 text7        000F22
___flmul@a                               cstackCOMRAM 000024
___flmul@aexp                            cstackCOMRAM 000031
___flmul@b                               cstackCOMRAM 000020
___flmul@bexp                            cstackCOMRAM 000032
___flmul@grs                             cstackCOMRAM 00002D
___flmul@prod                            cstackCOMRAM 000033
___flmul@sign                            cstackCOMRAM 00002C
___flmul@temp                            cstackCOMRAM 000037
___inthi_sp                              stack        000000
___intlo_sp                              stack        000000
___param_bank                            (abs)        000000
___rparam_used                           (abs)        000001
___sp                                    stack        000000
___xxtofl                                text6        00134C
___xxtofl@arg                            cstackCOMRAM 00001C
___xxtofl@exp                            cstackCOMRAM 00001B
___xxtofl@sign                           cstackCOMRAM 00001A
___xxtofl@val                            cstackCOMRAM 000012
__accesstop                              (abs)        000060
__activetblptr                           (abs)        000003
__address                                bssCOMRAM    000044
__byteorder                              bssCOMRAM    000040
__end_of_Adafruit_INA260_readBusVoltage  text5        0017C4
__end_of_BUS_REGISTER                    text51       001AFE
__end_of_I2C_CallbackReturnReset         text38       001C48
__end_of_I2C_CallbackReturnStop          text39       001C28
__end_of_I2C_DO_ADDRESS_NACK             text15       001906
__end_of_I2C_DO_IDLE                     text29       001BE0
__end_of_I2C_DO_RCEN                     text24       001BD4
__end_of_I2C_DO_RESET                    text16       001BC8
__end_of_I2C_DO_RX                       text25       00164A
__end_of_I2C_DO_RX_ACK                   text19       001BF8
__end_of_I2C_DO_RX_NACK_RESTART          text17       001BE8
__end_of_I2C_DO_RX_NACK_STOP             text18       001BF0
__end_of_I2C_DO_SEND_ADR_READ            text28       001BAE
__end_of_I2C_DO_SEND_ADR_WRITE           text27       001B9E
__end_of_I2C_DO_SEND_RESTART             text21       001C08
__end_of_I2C_DO_SEND_RESTART_READ        text23       001C18
__end_of_I2C_DO_SEND_RESTART_WRITE       text22       001C10
__end_of_I2C_DO_SEND_STOP                text20       001C00
__end_of_I2C_DO_TX                       text26       0015B4
__end_of_I2C_DO_TX_EMPTY                 text30       0018A0
__end_of_I2C_Initialize                  text4        001B48
__end_of_I2C_MasterClearIrq              text14       001C38
__end_of_I2C_MasterEnableRestart         text49       001C50
__end_of_I2C_MasterFsm                   text13       001834
__end_of_I2C_MasterGetRxData             text35       001C40
__end_of_I2C_MasterIsNack                text32       001B5C
__end_of_I2C_MasterOpen                  text9        001ADC
__end_of_I2C_MasterOperation             text10       00194A
__end_of_I2C_MasterSendAck               text34       001C2E
__end_of_I2C_MasterSendNack              text36       001C34
__end_of_I2C_MasterSendTxData            text33       001C20
__end_of_I2C_MasterSetIrq                text31       001C3C
__end_of_I2C_MasterStart                 text50       001C54
__end_of_I2C_MasterStartRx               text37       001C44
__end_of_I2C_MasterStop                  text48       001C4C
__end_of_I2C_MasterWaitForEvent          text12       001B8E
__end_of_I2C_Open                        text8        0016D8
__end_of_I2C_Poller                      text11       001B1C
__end_of_I2C_SetBuffer                   text47       001ABA
__end_of_I2C_SetCallback                 text46       001752
__end_of_I2C_SetDataCompleteCallback     text45       001B34
__end_of_OSCILLATOR_Initialize           text3        001B6E
__end_of_PIN_MANAGER_Initialize          text2        001A96
__end_of_SYSTEM_Initialize               text1        001BBC
__end_of___flmul                         text7        00134C
__end_of___xxtofl                        text6        001500
__end_of__initialization                 cinit        0019BA
__end_of_i2c_fsmStateTable               smallconst   000F21
__end_of_main                            text0        001B7E
__end_of_rd1RegCompleteHandler           text43       001A44
__end_of_rd2RegCompleteHandler           text42       001A18
__end_of_rdBlkRegCompleteHandler         text40       00198A
__end_of_wr1RegCompleteHandler           text41       0019EC
__end_of_wr2RegCompleteHandler           text44       001A70
__i2cdevice                              bssCOMRAM    000046
__initialization                         cinit        00198A
__mediumconst                            mediumconst  000000
__pbssBANK0                              bssBANK0     000060
__pbssCOMRAM                             bssCOMRAM    00003E
__pcinit                                 cinit        00198A
__pcstackCOMRAM                          cstackCOMRAM 000001
__pdataCOMRAM                            dataCOMRAM   000049
__pidataCOMRAM                           idataCOMRAM  001C54
__psmallconst                            smallconst   000F00
__ptext0                                 text0        001B6E
__ptext1                                 text1        001BAE
__ptext10                                text10       001906
__ptext11                                text11       001AFE
__ptext12                                text12       001B7E
__ptext13                                text13       0017C4
__ptext14                                text14       001C34
__ptext15                                text15       0018A0
__ptext16                                text16       001BBC
__ptext17                                text17       001BE0
__ptext18                                text18       001BE8
__ptext19                                text19       001BF0
__ptext2                                 text2        001A70
__ptext20                                text20       001BF8
__ptext21                                text21       001C00
__ptext22                                text22       001C08
__ptext23                                text23       001C10
__ptext24                                text24       001BC8
__ptext25                                text25       0015B4
__ptext26                                text26       001500
__ptext27                                text27       001B8E
__ptext28                                text28       001B9E
__ptext29                                text29       001BD4
__ptext3                                 text3        001B5C
__ptext30                                text30       001834
__ptext31                                text31       001C38
__ptext32                                text32       001B48
__ptext33                                text33       001C18
__ptext34                                text34       001C28
__ptext35                                text35       001C3C
__ptext36                                text36       001C2E
__ptext37                                text37       001C40
__ptext38                                text38       001C44
__ptext39                                text39       001C20
__ptext4                                 text4        001B34
__ptext40                                text40       00194A
__ptext41                                text41       0019C0
__ptext42                                text42       0019EC
__ptext43                                text43       001A18
__ptext44                                text44       001A44
__ptext45                                text45       001B1C
__ptext46                                text46       0016D8
__ptext47                                text47       001A96
__ptext48                                text48       001C48
__ptext49                                text49       001C4C
__ptext5                                 text5        001752
__ptext50                                text50       001C50
__ptext51                                text51       001ADC
__ptext52                                text52       000000
__ptext6                                 text6        00134C
__ptext7                                 text7        000F22
__ptext8                                 text8        00164A
__ptext9                                 text9        001ABA
__ramtop                                 ramtop       000F00
__size_of_Adafruit_INA260_readBusVoltage (abs)        000000
__size_of_BUS_REGISTER                   (abs)        000000
__size_of_I2C_CallbackReturnReset        (abs)        000000
__size_of_I2C_CallbackReturnStop         (abs)        000000
__size_of_I2C_DO_ADDRESS_NACK            (abs)        000000
__size_of_I2C_DO_IDLE                    (abs)        000000
__size_of_I2C_DO_RCEN                    (abs)        000000
__size_of_I2C_DO_RESET                   (abs)        000000
__size_of_I2C_DO_RX                      (abs)        000000
__size_of_I2C_DO_RX_ACK                  (abs)        000000
__size_of_I2C_DO_RX_NACK_RESTART         (abs)        000000
__size_of_I2C_DO_RX_NACK_STOP            (abs)        000000
__size_of_I2C_DO_SEND_ADR_READ           (abs)        000000
__size_of_I2C_DO_SEND_ADR_WRITE          (abs)        000000
__size_of_I2C_DO_SEND_RESTART            (abs)        000000
__size_of_I2C_DO_SEND_RESTART_READ       (abs)        000000
__size_of_I2C_DO_SEND_RESTART_WRITE      (abs)        000000
__size_of_I2C_DO_SEND_STOP               (abs)        000000
__size_of_I2C_DO_TX                      (abs)        000000
__size_of_I2C_DO_TX_EMPTY                (abs)        000000
__size_of_I2C_Initialize                 (abs)        000000
__size_of_I2C_MasterClearIrq             (abs)        000000
__size_of_I2C_MasterEnableRestart        (abs)        000000
__size_of_I2C_MasterFsm                  (abs)        000000
__size_of_I2C_MasterGetRxData            (abs)        000000
__size_of_I2C_MasterIsNack               (abs)        000000
__size_of_I2C_MasterOpen                 (abs)        000000
__size_of_I2C_MasterOperation            (abs)        000000
__size_of_I2C_MasterSendAck              (abs)        000000
__size_of_I2C_MasterSendNack             (abs)        000000
__size_of_I2C_MasterSendTxData           (abs)        000000
__size_of_I2C_MasterSetIrq               (abs)        000000
__size_of_I2C_MasterStart                (abs)        000000
__size_of_I2C_MasterStartRx              (abs)        000000
__size_of_I2C_MasterStop                 (abs)        000000
__size_of_I2C_MasterWaitForEvent         (abs)        000000
__size_of_I2C_Open                       (abs)        000000
__size_of_I2C_Poller                     (abs)        000000
__size_of_I2C_SetBuffer                  (abs)        000000
__size_of_I2C_SetCallback                (abs)        000000
__size_of_I2C_SetDataCompleteCallback    (abs)        000000
__size_of_OSCILLATOR_Initialize          (abs)        000000
__size_of_PIN_MANAGER_Initialize         (abs)        000000
__size_of_SYSTEM_Initialize              (abs)        000000
__size_of___flmul                        (abs)        000000
__size_of___xxtofl                       (abs)        000000
__size_of_main                           (abs)        000000
__size_of_rd1RegCompleteHandler          (abs)        000000
__size_of_rd2RegCompleteHandler          (abs)        000000
__size_of_rdBlkRegCompleteHandler        (abs)        000000
__size_of_wr1RegCompleteHandler          (abs)        000000
__size_of_wr2RegCompleteHandler          (abs)        000000
__smallconst                             smallconst   000F00
__width                                  bssCOMRAM    000042
_i2c_address                             dataCOMRAM   000049
_i2c_fsmStateTable                       smallconst   000F01
_main                                    text0        001B6E
_rd1RegCompleteHandler                   text43       001A18
_rd2RegCompleteHandler                   text42       0019EC
_rdBlkRegCompleteHandler                 text40       00194A
_wr1RegCompleteHandler                   text41       0019C0
_wr2RegCompleteHandler                   text44       001A44
end_of_initialization                    cinit        0019BA
intlevel0                                text         000000
intlevel1                                text         000000
intlevel2                                text         000000
intlevel3                                text         000000
isa$std                                  (abs)        000001
isa$xinst                                (abs)        000000
rd1RegCompleteHandler@ptr                cstackCOMRAM 00000A
rd2RegCompleteHandler@ptr                cstackCOMRAM 00000A
rdBlkRegCompleteHandler@ptr              cstackCOMRAM 00000A
stackhi                                  (abs)        000E40
stacklo                                  (abs)        000084
start                                    init         000000
start_initialization                     cinit        00198A
wr1RegCompleteHandler@ptr                cstackCOMRAM 00000A
wr2RegCompleteHandler@ptr                cstackCOMRAM 00000A


MODULE INFORMATION

Module		Function		Class		Link	Load	Size
mcc_generated_files/examples/i2c_master_example.c
		_wr1RegCompleteHandler		CODE           	19C0	0000	44
		_wr2RegCompleteHandler		CODE           	1A44	0000	44
		_rdBlkRegCompleteHandler		CODE           	194A	0000	64
		_rd1RegCompleteHandler		CODE           	1A18	0000	44
		_rd2RegCompleteHandler		CODE           	19EC	0000	44

mcc_generated_files/examples/i2c_master_example.c estimated size: 240

Adafruit_INA260.c
		_Adafruit_INA260_readBusVoltage		CODE           	1752	0000	114

Adafruit_INA260.c estimated size: 114

mcc_generated_files/pin_manager.c
		_PIN_MANAGER_Initialize		CODE           	1A70	0000	38

mcc_generated_files/pin_manager.c estimated size: 38

shared
		__initialization		CODE           	198A	0000	48
		_i2c_fsmStateTable		SMALLCONST     	0F01	0000	32

shared estimated size: 80

C:\Program Files\Microchip\xc8\v2.32\pic\sources\c99\common\sprcmul.c
		___flmul       		CODE           	0F22	0000	1066

C:\Program Files\Microchip\xc8\v2.32\pic\sources\c99\common\sprcmul.c estimated size: 1066

mcc_generated_files/mcc.c
		_OSCILLATOR_Initialize		CODE           	1B5C	0000	18
		_SYSTEM_Initialize		CODE           	1BAE	0000	14

mcc_generated_files/mcc.c estimated size: 32

mcc_generated_files/i2c_master.c
		_I2C_MasterStartRx		CODE           	1C40	0000	4
		_I2C_DO_SEND_ADR_WRITE		CODE           	1B8E	0000	16
		_I2C_MasterWaitForEvent		CODE           	1B7E	0000	16
		_I2C_DO_SEND_STOP		CODE           	1BF8	0000	8
		_I2C_MasterSendNack		CODE           	1C2E	0000	6
		_BUS_REGISTER  		CODE           	1ADC	0000	34
		_I2C_CallbackReturnStop		CODE           	1C20	0000	8
		_I2C_MasterOperation		CODE           	1906	0000	68
		_I2C_DO_SEND_ADR_READ		CODE           	1B9E	0000	16
		_I2C_DO_RX_NACK_STOP		CODE           	1BE8	0000	8
		_I2C_DO_SEND_RESTART		CODE           	1C00	0000	8
		_I2C_DO_RX     		CODE           	15B4	0000	150
		_I2C_DO_TX     		CODE           	1500	0000	180
		_I2C_DO_IDLE   		CODE           	1BD4	0000	12
		_I2C_DO_RCEN   		CODE           	1BC8	0000	12
		_I2C_Poller    		CODE           	1AFE	0000	30
		_I2C_DO_RESET  		CODE           	1BBC	0000	12
		_I2C_DO_RX_ACK 		CODE           	1BF0	0000	8
		_I2C_MasterStart		CODE           	1C50	0000	4
		_I2C_MasterClearIrq		CODE           	1C34	0000	4
		_I2C_MasterGetRxData		CODE           	1C3C	0000	4
		_I2C_SetCallback		CODE           	16D8	0000	122
		_I2C_DO_ADDRESS_NACK		CODE           	18A0	0000	102
		_I2C_MasterEnableRestart		CODE           	1C4C	0000	4
		_I2C_CallbackReturnReset		CODE           	1C44	0000	4
		_I2C_Open      		CODE           	164A	0000	142
		_I2C_DO_TX_EMPTY		CODE           	1834	0000	108
		_I2C_DO_SEND_RESTART_WRITE		CODE           	1C08	0000	8
		_I2C_MasterIsNack		CODE           	1B48	0000	20
		_I2C_SetDataCompleteCallback		CODE           	1B1C	0000	24
		_I2C_DO_RX_NACK_RESTART		CODE           	1BE0	0000	8
		_I2C_MasterSendAck		CODE           	1C28	0000	6
		_I2C_MasterFsm 		CODE           	17C4	0000	112
		_I2C_MasterSetIrq		CODE           	1C38	0000	4
		_I2C_DO_SEND_RESTART_READ		CODE           	1C10	0000	8
		_I2C_Initialize		CODE           	1B34	0000	20
		_I2C_SetBuffer 		CODE           	1A96	0000	36
		_I2C_MasterOpen		CODE           	1ABA	0000	34
		_I2C_MasterSendTxData		CODE           	1C18	0000	8
		_I2C_MasterStop		CODE           	1C48	0000	4

mcc_generated_files/i2c_master.c estimated size: 1382

C:\Program Files\Microchip\xc8\v2.32\pic\sources\c99\common\xxtofl.c
		___xxtofl      		CODE           	134C	0000	436

C:\Program Files\Microchip\xc8\v2.32\pic\sources\c99\common\xxtofl.c estimated size: 436

main.c
		_main          		CODE           	1B6E	0000	16

main.c estimated size: 16

