Microchip MPLAB XC8 Compiler V2.31

Linker command line:

-W-3 --edf=C:\Program Files\Microchip\xc8\v2.31\pic\dat\en_msgs.txt -cn \
  -h+dist/default/production\INA260_maisum.X.production.sym \
  --cmf=dist/default/production\INA260_maisum.X.production.cmf -z \
  -Q18F26K80 -oC:\Users\D1NG0\AppData\Local\Temp\s7gk.2 \
  --defsym=__MPLAB_BUILD=1 \
  -Mdist/default/production/INA260_maisum.X.production.map -E1 \
  -ver=XC8 Compiler --acfsm=1493 -ASTACK=01EDh-0E40h -pstack=STACK \
  -ACODE=00h-0FFFFh -ACONST=00h-0FFFFh -ASMALLCONST=0F00h-0FFFhx241 \
  -AMEDIUMCONST=0F00h-0FFFFh -ACOMRAM=01h-05Fh -AABS1=00h-0E40h \
  -ABIGRAM=01h-0E40h -ARAM=060h-0FFh,0100h-01FFhx13,0E00h-0E40h \
  -ABANK0=060h-0FFh -ABANK1=0100h-01FFh -ABANK2=0200h-02FFh \
  -ABANK3=0300h-03FFh -ABANK4=0400h-04FFh -ABANK5=0500h-05FFh \
  -ABANK6=0600h-06FFh -ABANK7=0700h-07FFh -ABANK8=0800h-08FFh \
  -ABANK9=0900h-09FFh -ABANK10=0A00h-0AFFh -ABANK11=0B00h-0BFFh \
  -ABANK12=0C00h-0CFFh -ABANK13=0D00h-0DFFh -ABANK14=0E00h-0E40h \
  -ASFR=0E41h-0EFFh,0F00h-0F5Fh,0F60h-0FFFh -ACONFIG=0300000h-030000Dh \
  -AIDLOC=0200000h-0200007h -AEEDATA=0F00000h-0F003FFh -peeprom_data=EEDATA \
  -preset_vec=00h,intcode=08h,intcodelo,powerup,init -pramtop=0F00h \
  -psmallconst=SMALLCONST -pmediumconst=MEDIUMCONST -pconst=CONST \
  -AFARRAM=00h-00h \
  -prdata=COMRAM,nvrram=COMRAM,nvbit=COMRAM,rbss=COMRAM,rbit=COMRAM \
  -pfarbss=FARRAM,fardata=FARRAM,nvFARRAM=FARRAM \
  -pintsave_regs=BIGRAM,bigbss=BIGRAM,bigdata=BIGRAM -pbss=RAM \
  -pidata=CODE,irdata=CODE,ibigdata=CODE,ifardata=CODE -prparam=COMRAM \
  C:\Users\D1NG0\AppData\Local\Temp\s7gk.o \
  dist/default/production\INA260_maisum.X.production.o 

Object code version is 3.11

Machine type is 18F26K80



                Name                               Link     Load   Length Selector   Space Scale
C:\Users\D1NG0\AppData\Local\Temp\s7gk.o
                idloc                            200000   200000        8        0       5
                config                           300000   300000        E        0       4
                init                                 C4       C4        4        4       0
                reset_vec                             0        0        4        0       0
dist/default/production\INA260_maisum.X.production.o
                intcode                               8        8       BC        4       0
                idloc                            200000   200000        8        0       5
                config                           300000   300000        E        0       4
                temp                                 46       46        1        1       1
                mediumconst                        FD3A     FD3A      2C6     7E9D       0
                text89                             3AF6     3AF6        4     1D08       0
                text88                             3AF2     3AF2        4     1D08       0
                text87                             399C     399C       24        4       0
                text86                             31E8     31E8       7A        4       0
                text85                             39C0     39C0       18        4       0
                text84                             38FE     38FE       2C        4       0
                text83                             38D2     38D2       2C        4       0
                text82                             38A6     38A6       2C        4       0
                text81                             387A     387A       2C        4       0
                text80                             384E     384E       2C        4       0
                text79                             3676     3676       40        4       0
                text78                             3822     3822       2C        4       0
                text77                             37F6     37F6       2C        4       0
                text76                             37CA     37CA       2C        4       0
                text75                             3636     3636       40        4       0
                text74                             3AEE     3AEE        4     1D08       0
                text73                             3AEA     3AEA        4     1D08       0
                text72                             3AE6     3AE6        4     1D08       0
                text71                             3AD0     3AD0        6     1D08       0
                text70                             3AE2     3AE2        4     1D08       0
                text69                             3ACA     3ACA        6     1D08       0
                text68                             3ABC     3ABC        8     1D08       0
                text67                             39D8     39D8       14        4       0
                text66                             3ADE     3ADE        4     1D08       0
                text65                             316C     316C       7C        4       0
                text64                             3A56     3A56        C     1D08       0
                text63                             3A20     3A20       10     1D08       0
                text62                             3A10     3A10       10     1D08       0
                text61                             2E04     2E04       C4        4       0
                text60                             3022     3022       A6        4       0
                text59                             3A4A     3A4A        C     1D08       0
                text58                             3AB4     3AB4        8     1D08       0
                text57                             3AAC     3AAC        8     1D08       0
                text56                             3AA4     3AA4        8     1D08       0
                text55                             3A9C     3A9C        8     1D08       0
                text54                             3A94     3A94        8     1D08       0
                text53                             3A8C     3A8C        8     1D08       0
                text52                             3A84     3A84        8     1D08       0
                text51                             3A3E     3A3E        C     1D08       0
                text50                             32D2     32D2       66        4       0
                text49                             3ADA     3ADA        4     1D08       0
                text48                             3262     3262       70        4       0
                text47                             3AC4     3AC4        6     1D08       0
                text45                             3976     3976       26        4       0
                text44                             3794     3794       36        4       0
                text43                             3A7C     3A7C        8     1D08       0
                text42                             3A74     3A74        8     1D08       0
                text41                             3A6C     3A6C        8     1D08       0
                text40                             3A62     3A62        A     1D08       0
                text39                             1A9C     1A9C      39C        4       0
                text38                             1670     1670      42C        4       0
                text37                             204E     204E      1B4        4       0
                text36                             24C4     24C4      124        4       0
                text35                             30C8     30C8       A4        4       0
                text34                             345A     345A       5E        4       0
                text33                             3950     3950       26        4       0
                text32                             25E8     25E8      112        4       0
                text31                             3AD6     3AD6        4     1D08       0
                text30                             39EC     39EC       12        4       0
                text29                             392A     392A       26        4       0
                text28                             3A30     3A30        E     1D08       0
                text27                             23A0     23A0      124        4       0
                text26                             3726     3726       38        4       0
                text25                             350A     350A       52        4       0
                text24                             2202     2202      19E        4       0
                text23                             2D40     2D40       C4        4       0
                text22                             2EC8     2EC8       B0        4       0
                text21                             2F78     2F78       AA        4       0
                text20                             2800     2800      106        4       0
                text19                             36EE     36EE       38        4       0
                text18                              D2A      D2A      4C0        4       0
                text17                             35AA     35AA       48        4       0
                text16                             26FA     26FA      106        4       0
                text15                             2906     2906       FE        4       0
                text14                             1E38     1E38      216        4       0
                text13                             3AFA     3AFA        2     1D08       0
                text12                             2BAE     2BAE       CA        4       0
                text11                             35F2     35F2       44        4       0
                text10                             375E     375E       36        4       0
                text9                              2C78     2C78       C8        4       0
                text8                              33FC     33FC       5E        4       0
                text7                              36B6     36B6       38        4       0
                text6                              339C     339C       60        4       0
                text5                                C8       C8      C62        4       0
                text4                              2A04     2A04       DC        4       0
                text3                              11EA     11EA      486        4       0
                text2                              3338     3338       64        4       0
                text1                              34B8     34B8       52        4       0
                text0                              2AE0     2AE0       CE        4       0
                cstackCOMRAM                          1        1       2D        1       1
                cstackBANK0                          60       60       81       60       1
                cstackBANK1                         1C4      1C4       18      100       1
                dataBANK1                           1DC      1DC       11      100       1
                bssBANK1                            100      100       C4      100       1
                bssBANK0                             E1       E1       12       60       1
                bssCOMRAM                            2E       2E       18        1       1
                cinit                              355C     355C       4E        4       0
                nvBANK0                              F3       F3        C       60       1
                idataBANK1                         39FE     39FE       11        4       0

TOTAL           Name                               Link     Load   Length     Space
        CLASS   STACK          

        CLASS   CODE           
                intcode                               8        8       BC         0
                init                                 C4       C4        4         0
                reset_vec                             0        0        4         0
                text89                             3AF6     3AF6        4         0
                text88                             3AF2     3AF2        4         0
                text87                             399C     399C       24         0
                text86                             31E8     31E8       7A         0
                text85                             39C0     39C0       18         0
                text84                             38FE     38FE       2C         0
                text83                             38D2     38D2       2C         0
                text82                             38A6     38A6       2C         0
                text81                             387A     387A       2C         0
                text80                             384E     384E       2C         0
                text79                             3676     3676       40         0
                text78                             3822     3822       2C         0
                text77                             37F6     37F6       2C         0
                text76                             37CA     37CA       2C         0
                text75                             3636     3636       40         0
                text74                             3AEE     3AEE        4         0
                text73                             3AEA     3AEA        4         0
                text72                             3AE6     3AE6        4         0
                text71                             3AD0     3AD0        6         0
                text70                             3AE2     3AE2        4         0
                text69                             3ACA     3ACA        6         0
                text68                             3ABC     3ABC        8         0
                text67                             39D8     39D8       14         0
                text66                             3ADE     3ADE        4         0
                text65                             316C     316C       7C         0
                text64                             3A56     3A56        C         0
                text63                             3A20     3A20       10         0
                text62                             3A10     3A10       10         0
                text61                             2E04     2E04       C4         0
                text60                             3022     3022       A6         0
                text59                             3A4A     3A4A        C         0
                text58                             3AB4     3AB4        8         0
                text57                             3AAC     3AAC        8         0
                text56                             3AA4     3AA4        8         0
                text55                             3A9C     3A9C        8         0
                text54                             3A94     3A94        8         0
                text53                             3A8C     3A8C        8         0
                text52                             3A84     3A84        8         0
                text51                             3A3E     3A3E        C         0
                text50                             32D2     32D2       66         0
                text49                             3ADA     3ADA        4         0
                text48                             3262     3262       70         0
                text47                             3AC4     3AC4        6         0
                text45                             3976     3976       26         0
                text44                             3794     3794       36         0
                text43                             3A7C     3A7C        8         0
                text42                             3A74     3A74        8         0
                text41                             3A6C     3A6C        8         0
                text40                             3A62     3A62        A         0
                text39                             1A9C     1A9C      39C         0
                text38                             1670     1670      42C         0
                text37                             204E     204E      1B4         0
                text36                             24C4     24C4      124         0
                text35                             30C8     30C8       A4         0
                text34                             345A     345A       5E         0
                text33                             3950     3950       26         0
                text32                             25E8     25E8      112         0
                text31                             3AD6     3AD6        4         0
                text30                             39EC     39EC       12         0
                text29                             392A     392A       26         0
                text28                             3A30     3A30        E         0
                text27                             23A0     23A0      124         0
                text26                             3726     3726       38         0
                text25                             350A     350A       52         0
                text24                             2202     2202      19E         0
                text23                             2D40     2D40       C4         0
                text22                             2EC8     2EC8       B0         0
                text21                             2F78     2F78       AA         0
                text20                             2800     2800      106         0
                text19                             36EE     36EE       38         0
                text18                              D2A      D2A      4C0         0
                text17                             35AA     35AA       48         0
                text16                             26FA     26FA      106         0
                text15                             2906     2906       FE         0
                text14                             1E38     1E38      216         0
                text13                             3AFA     3AFA        2         0
                text12                             2BAE     2BAE       CA         0
                text11                             35F2     35F2       44         0
                text10                             375E     375E       36         0
                text9                              2C78     2C78       C8         0
                text8                              33FC     33FC       5E         0
                text7                              36B6     36B6       38         0
                text6                              339C     339C       60         0
                text5                                C8       C8      C62         0
                text4                              2A04     2A04       DC         0
                text3                              11EA     11EA      486         0
                text2                              3338     3338       64         0
                text1                              34B8     34B8       52         0
                text0                              2AE0     2AE0       CE         0
                cinit                              355C     355C       4E         0
                idataBANK1                         39FE     39FE       11         0

        CLASS   CONST          

        CLASS   SMALLCONST     

        CLASS   MEDIUMCONST    
                mediumconst                        FD3A     FD3A      2C6         0

        CLASS   COMRAM         
                temp                                 46       46        1         1
                cstackCOMRAM                          1        1       2D         1
                bssCOMRAM                            2E       2E       18         1

        CLASS   ABS1           

        CLASS   BIGRAM         

        CLASS   RAM            

        CLASS   BANK0          
                cstackBANK0                          60       60       81         1
                bssBANK0                             E1       E1       12         1
                nvBANK0                              F3       F3        C         1

        CLASS   BANK1          
                cstackBANK1                         1C4      1C4       18         1
                dataBANK1                           1DC      1DC       11         1
                bssBANK1                            100      100       C4         1

        CLASS   BANK2          

        CLASS   BANK3          

        CLASS   BANK4          

        CLASS   BANK5          

        CLASS   BANK6          

        CLASS   BANK7          

        CLASS   BANK8          

        CLASS   BANK9          

        CLASS   BANK10         

        CLASS   BANK11         

        CLASS   BANK12         

        CLASS   BANK13         

        CLASS   BANK14         

        CLASS   SFR            

        CLASS   CONFIG         
                config                           300000   300000        E         4

        CLASS   IDLOC          
                idloc                            200000   200000        8         5

        CLASS   EEDATA         

        CLASS   FARRAM         



SEGMENTS        Name                           Load    Length   Top    Selector   Space  Class

                reset_vec                      000000  000004  000004         0       0  CODE    
                cstackCOMRAM                   000001  000046  000047         1       1  COMRAM  
                intcode                        000008  003A07  003A0F         4       0  CODE    
                cstackBANK0                    000060  00009F  0000FF        60       1  BANK0   
                bssBANK1                       000100  0000ED  0001ED       100       1  BANK1   
                text62                         003A10  0000EC  003AFC      1D08       0  CODE    
                mediumconst                    00FD3A  0002C6  010000      7E9D       0  MEDIUMCO


UNUSED ADDRESS RANGES

        Name                Unused          Largest block    Delta
        BANK0            0000FF-0000FF                1
        BANK1            0001ED-0001FF               13
        BANK10           000A00-000AFF              100
        BANK11           000B00-000BFF              100
        BANK12           000C00-000CFF              100
        BANK13           000D00-000DFF              100
        BANK14           000E00-000E40               41
        BANK2            000200-0002FF              100
        BANK3            000300-0003FF              100
        BANK4            000400-0004FF              100
        BANK5            000500-0005FF              100
        BANK6            000600-0006FF              100
        BANK7            000700-0007FF              100
        BANK8            000800-0008FF              100
        BANK9            000900-0009FF              100
        BIGRAM           000047-00005F               19
                         0000FF-0000FF                1
                         0001ED-000E40              C54
        CODE             000004-000007                4
                         003A0F-003A0F                1
                         003AFC-00FD39             C23E
        COMRAM           000047-00005F               19
        CONST            000004-000007                4
                         003A0F-003A0F                1
                         003AFC-00FD39             C23E
        EEDATA           F00000-F003FF              400
        MEDIUMCONST      003A0F-003A0F                1
                         003AFC-00FD39             C23E
        RAM              0000FF-0000FF                1
                         0001ED-000E40              100
        SFR              000E41-000FFF               BF
        SMALLCONST       003A0F-003A0F                1
                         003AFC-00FD39              100
        STACK            0001ED-000E40              C54

                                  Symbol Table

?_Current_ReadRegister                                    cstackBANK0  000079
?_I2C_Master_Read                                         cstackCOMRAM 00001B
?_Power_ReadRegister                                      cstackBANK0  00006D
?_Voltage_ReadRegister                                    cstackBANK0  000079
?___awdiv                                                 cstackCOMRAM 00001A
?___awmod                                                 cstackCOMRAM 00001A
?___fladd                                                 cstackCOMRAM 00001A
?___fldiv                                                 cstackCOMRAM 00001A
?___flmul                                                 cstackBANK0  000060
?___flneg                                                 cstackCOMRAM 00001A
?___flsub                                                 cstackBANK0  000079
?___fltol                                                 cstackCOMRAM 00001A
?___fpclassifyf                                           cstackCOMRAM 00001A
?___lldiv                                                 cstackCOMRAM 00001A
?___wmul                                                  cstackCOMRAM 00001A
?___xxtofl                                                cstackCOMRAM 000020
?_atoi                                                    cstackCOMRAM 000021
?_efgtoa                                                  cstackBANK0  000085
?_floorf                                                  cstackCOMRAM 000026
?_isdigit                                                 cstackCOMRAM 00001A
?_isspace                                                 cstackCOMRAM 00001A
?_isupper                                                 cstackCOMRAM 00001A
?_pad                                                     cstackBANK0  000060
?_sprintf                                                 cstackBANK1  0001CA
?_strlen                                                  cstackCOMRAM 00001A
?_strncmp                                                 cstackCOMRAM 00001A
?_tolower                                                 cstackCOMRAM 000020
?_vfpfcnvrt                                               cstackBANK0  0000C9
?_vfprintf                                                cstackBANK1  0001C4
Current_ReadRegister@temp_c                               cstackBANK0  000081
Current_ReadRegister@temp_d                               cstackBANK0  00007F
I2CSIMPLE_example@F12630                                  dataBANK1    0001DC
I2C_CallbackReturnReset@funPtr                            cstackCOMRAM 00000A
I2C_MasterSendTxData@data                                 cstackCOMRAM 000001
I2C_Master_Init@c                                         cstackCOMRAM 000027
I2C_Master_Read@a                                         cstackCOMRAM 00001B
I2C_Master_Read@temp                                      cstackCOMRAM 00001D
I2C_Master_Write@d                                        cstackCOMRAM 00001B
I2C_SetBuffer@buffer                                      cstackCOMRAM 000001
I2C_SetBuffer@bufferSize                                  cstackCOMRAM 000003
I2C_SetCallback@cb                                        cstackCOMRAM 000001
I2C_SetCallback@idx                                       cstackCOMRAM 000005
I2C_SetCallback@ptr                                       cstackCOMRAM 000003
I2C_SetDataCompleteCallback@cb                            cstackCOMRAM 000006
I2C_SetDataCompleteCallback@ptr                           cstackCOMRAM 000008
Power_ReadRegister@temp_e                                 cstackBANK0  000075
Power_ReadRegister@temp_f                                 cstackBANK0  000073
Voltage_ReadRegister@temp_a                               cstackBANK0  000081
Voltage_ReadRegister@temp_b                               cstackBANK0  00007F
_ACKDT                                                    (abs)        007E2D
_ACKEN                                                    (abs)        007E2C
_ANCON0                                                   (abs)        000F5D
_ANCON1                                                   (abs)        000F5C
_ASCII                                                    mediumconst  00FD5B
_Current                                                  nvBANK0      0000F7
_Current_ReadRegister                                     text36       0024C4
_I2C_CallbackReturnReset                                  text73       003AEA
_I2C_CallbackReturnStop                                   text74       003AEE
_I2C_DO_ADDRESS_NACK                                      text50       0032D2
_I2C_DO_IDLE                                              text64       003A56
_I2C_DO_RCEN                                              text59       003A4A
_I2C_DO_RESET                                             text51       003A3E
_I2C_DO_RX                                                text60       003022
_I2C_DO_RX_ACK                                            text54       003A94
_I2C_DO_RX_NACK_RESTART                                   text52       003A84
_I2C_DO_RX_NACK_STOP                                      text53       003A8C
_I2C_DO_SEND_ADR_READ                                     text63       003A20
_I2C_DO_SEND_ADR_WRITE                                    text62       003A10
_I2C_DO_SEND_RESTART                                      text56       003AA4
_I2C_DO_SEND_RESTART_READ                                 text58       003AB4
_I2C_DO_SEND_RESTART_WRITE                                text57       003AAC
_I2C_DO_SEND_STOP                                         text55       003A9C
_I2C_DO_TX                                                text61       002E04
_I2C_DO_TX_EMPTY                                          text65       00316C
_I2C_MasterClearIrq                                       text49       003ADA
_I2C_MasterEnableRestart                                  text89       003AF6
_I2C_MasterFsm                                            text48       003262
_I2C_MasterGetRxData                                      text70       003AE2
_I2C_MasterIsNack                                         text67       0039D8
_I2C_MasterIsr                                            text47       003AC4
_I2C_MasterSendAck                                        text69       003ACA
_I2C_MasterSendNack                                       text71       003AD0
_I2C_MasterSendTxData                                     text68       003ABC
_I2C_MasterSetIrq                                         text66       003ADE
_I2C_MasterStartRx                                        text72       003AE6
_I2C_MasterStop                                           text88       003AF2
_I2C_Master_Init                                          text34       00345A
_I2C_Master_Read                                          text44       003794
_I2C_Master_RepeatedStart                                 text43       003A7C
_I2C_Master_Start                                         text42       003A74
_I2C_Master_Stop                                          text41       003A6C
_I2C_Master_Wait                                          text45       003976
_I2C_Master_Write                                         text40       003A62
_I2C_SetBuffer                                            text87       00399C
_I2C_SetCallback                                          text86       0031E8
_I2C_SetDataCompleteCallback                              text85       0039C0
_I2C_Status                                               bssBANK1     000150
_INTCON2bits                                              (abs)        000FF1
_INTCONbits                                               (abs)        000FF2
_INTERRUPT_Initialize                                     text31       003AD6
_INTERRUPT_InterruptManager                               intcode      000008
_LATA                                                     (abs)        000F89
_LATB                                                     (abs)        000F8A
_LATC                                                     (abs)        000F8B
_MSSP_InterruptHandler                                    bssCOMRAM    000044
_OSCCON                                                   (abs)        000FD3
_OSCCON2                                                  (abs)        000FD2
_OSCILLATOR_Initialize                                    text30       0039EC
_OSCTUNE                                                  (abs)        000F9B
_PEN                                                      (abs)        007E2A
_PIE1bits                                                 (abs)        000F9D
_PIE2bits                                                 (abs)        000FA0
_PIN_MANAGER_Initialize                                   text29       00392A
_PIR1bits                                                 (abs)        000F9E
_PIR2bits                                                 (abs)        000FA1
_Power                                                    nvBANK0      0000F3
_Power_ReadRegister                                       text32       0025E8
_RCEN                                                     (abs)        007E2B
_RCONbits                                                 (abs)        000FD0
_REFOCON                                                  (abs)        000F9A
_RSEN                                                     (abs)        007E29
_SEN                                                      (abs)        007E28
_SSPADD                                                   (abs)        000FC8
_SSPBUF                                                   (abs)        000FC9
_SSPCON1                                                  (abs)        000FC6
_SSPCON1bits                                              (abs)        000FC6
_SSPCON2                                                  (abs)        000FC5
_SSPCON2bits                                              (abs)        000FC5
_SSPSTAT                                                  (abs)        000FC7
_SSPSTATbits                                              (abs)        000FC7
_SYSTEM_Initialize                                        text28       003A30
_TRISA                                                    (abs)        000F92
_TRISB                                                    (abs)        000F93
_TRISC                                                    (abs)        000F94
_TRISC3                                                   (abs)        007CA3
_TRISC4                                                   (abs)        007CA4
_Voltage                                                  nvBANK0      0000FB
_Voltage_ReadRegister                                     text27       0023A0
_WPUB                                                     (abs)        000F5B
__HRAM                                                    (abs)        000000
__Habs1                                                   abs1         000000
__Hbank0                                                  bank0        000000
__Hbank1                                                  bank1        000000
__Hbank10                                                 bank10       000000
__Hbank11                                                 bank11       000000
__Hbank12                                                 bank12       000000
__Hbank13                                                 bank13       000000
__Hbank14                                                 bank14       000000
__Hbank2                                                  bank2        000000
__Hbank3                                                  bank3        000000
__Hbank4                                                  bank4        000000
__Hbank5                                                  bank5        000000
__Hbank6                                                  bank6        000000
__Hbank7                                                  bank7        000000
__Hbank8                                                  bank8        000000
__Hbank9                                                  bank9        000000
__Hbigbss                                                 bigbss       000000
__Hbigdata                                                bigdata      000000
__Hbigram                                                 bigram       000000
__Hbss                                                    bss          000000
__HbssBANK0                                               bssBANK0     000000
__HbssBANK1                                               bssBANK1     000000
__HbssCOMRAM                                              bssCOMRAM    000000
__Hcinit                                                  cinit        000000
__Hclrtext                                                clrtext      000000
__Hcomram                                                 comram       000000
__Hconfig                                                 config       30000E
__Hconst                                                  const        000000
__HcstackBANK0                                            cstackBANK0  000000
__HcstackBANK1                                            cstackBANK1  000000
__HcstackCOMRAM                                           cstackCOMRAM 000000
__Hdata                                                   data         000000
__HdataBANK1                                              dataBANK1    000000
__Heeprom_data                                            eeprom_data  000000
__Hfarbss                                                 farbss       000000
__Hfardata                                                fardata      000000
__Hibigdata                                               ibigdata     000000
__Hidata                                                  idata        000000
__HidataBANK1                                             idataBANK1   000000
__Hidloc                                                  idloc        200008
__Hifardata                                               ifardata     000000
__Hinit                                                   init         0000C8
__Hintcode                                                intcode      0000C4
__Hintcode_body                                           intcode_body 000000
__Hintcodelo                                              intcodelo    0000C4
__Hintentry                                               intentry     000000
__Hintret                                                 intret       000000
__Hintsave_regs                                           intsave_regs 000000
__Hirdata                                                 irdata       000000
__Hmediumconst                                            mediumconst  010000
__HnvBANK0                                                nvBANK0      000000
__HnvFARRAM                                               nvFARRAM     000000
__Hnvbit                                                  nvbit        000000
__Hnvrram                                                 nvrram       000000
__Hparam                                                  rparam       000000
__Hpowerup                                                powerup      0000C4
__Hram                                                    ram          000000
__Hramtop                                                 ramtop       000F00
__Hrbit                                                   rbit         000000
__Hrbss                                                   rbss         000000
__Hrdata                                                  rdata        000000
__Hreset_vec                                              reset_vec    000004
__Hrparam                                                 rparam       000000
__Hsfr                                                    sfr          000000
__Hsmallconst                                             smallconst   000000
__Hspace_0                                                (abs)        010000
__Hspace_1                                                (abs)        0001ED
__Hspace_2                                                (abs)        000000
__Hspace_4                                                (abs)        60000E
__Hstack                                                  stack        000000
__Hstruct                                                 struct       000000
__Htemp                                                   temp         000047
__Htext                                                   text         000000
__Htext0                                                  text0        000000
__Htext1                                                  text1        000000
__Htext10                                                 text10       000000
__Htext11                                                 text11       000000
__Htext12                                                 text12       000000
__Htext13                                                 text13       000000
__Htext14                                                 text14       000000
__Htext15                                                 text15       000000
__Htext16                                                 text16       000000
__Htext17                                                 text17       000000
__Htext18                                                 text18       000000
__Htext19                                                 text19       000000
__Htext2                                                  text2        000000
__Htext20                                                 text20       000000
__Htext21                                                 text21       000000
__Htext22                                                 text22       000000
__Htext23                                                 text23       000000
__Htext24                                                 text24       000000
__Htext25                                                 text25       000000
__Htext26                                                 text26       000000
__Htext27                                                 text27       000000
__Htext28                                                 text28       000000
__Htext29                                                 text29       000000
__Htext3                                                  text3        000000
__Htext30                                                 text30       000000
__Htext31                                                 text31       000000
__Htext32                                                 text32       000000
__Htext33                                                 text33       000000
__Htext34                                                 text34       000000
__Htext35                                                 text35       000000
__Htext36                                                 text36       000000
__Htext37                                                 text37       000000
__Htext38                                                 text38       000000
__Htext39                                                 text39       000000
__Htext4                                                  text4        000000
__Htext40                                                 text40       000000
__Htext41                                                 text41       000000
__Htext42                                                 text42       000000
__Htext43                                                 text43       000000
__Htext44                                                 text44       000000
__Htext45                                                 text45       000000
__Htext47                                                 text47       000000
__Htext48                                                 text48       000000
__Htext49                                                 text49       000000
__Htext5                                                  text5        000000
__Htext50                                                 text50       000000
__Htext51                                                 text51       000000
__Htext52                                                 text52       000000
__Htext53                                                 text53       000000
__Htext54                                                 text54       000000
__Htext55                                                 text55       000000
__Htext56                                                 text56       000000
__Htext57                                                 text57       000000
__Htext58                                                 text58       000000
__Htext59                                                 text59       000000
__Htext6                                                  text6        000000
__Htext60                                                 text60       000000
__Htext61                                                 text61       000000
__Htext62                                                 text62       000000
__Htext63                                                 text63       000000
__Htext64                                                 text64       000000
__Htext65                                                 text65       000000
__Htext66                                                 text66       000000
__Htext67                                                 text67       000000
__Htext68                                                 text68       000000
__Htext69                                                 text69       000000
__Htext7                                                  text7        000000
__Htext70                                                 text70       000000
__Htext71                                                 text71       000000
__Htext72                                                 text72       000000
__Htext73                                                 text73       000000
__Htext74                                                 text74       000000
__Htext75                                                 text75       000000
__Htext76                                                 text76       000000
__Htext77                                                 text77       000000
__Htext78                                                 text78       000000
__Htext79                                                 text79       000000
__Htext8                                                  text8        000000
__Htext80                                                 text80       000000
__Htext81                                                 text81       000000
__Htext82                                                 text82       000000
__Htext83                                                 text83       000000
__Htext84                                                 text84       000000
__Htext85                                                 text85       000000
__Htext86                                                 text86       000000
__Htext87                                                 text87       000000
__Htext88                                                 text88       000000
__Htext89                                                 text89       000000
__Htext9                                                  text9        000000
__Htext90                                                 text90       000000
__LRAM                                                    (abs)        000001
__Labs1                                                   abs1         000000
__Lbank0                                                  bank0        000000
__Lbank1                                                  bank1        000000
__Lbank10                                                 bank10       000000
__Lbank11                                                 bank11       000000
__Lbank12                                                 bank12       000000
__Lbank13                                                 bank13       000000
__Lbank14                                                 bank14       000000
__Lbank2                                                  bank2        000000
__Lbank3                                                  bank3        000000
__Lbank4                                                  bank4        000000
__Lbank5                                                  bank5        000000
__Lbank6                                                  bank6        000000
__Lbank7                                                  bank7        000000
__Lbank8                                                  bank8        000000
__Lbank9                                                  bank9        000000
__Lbigbss                                                 bigbss       000000
__Lbigdata                                                bigdata      000000
__Lbigram                                                 bigram       000000
__Lbss                                                    bss          000000
__LbssBANK0                                               bssBANK0     000000
__LbssBANK1                                               bssBANK1     000000
__LbssCOMRAM                                              bssCOMRAM    000000
__Lcinit                                                  cinit        000000
__Lclrtext                                                clrtext      000000
__Lcomram                                                 comram       000000
__Lconfig                                                 config       000000
__Lconst                                                  const        000000
__LcstackBANK0                                            cstackBANK0  000000
__LcstackBANK1                                            cstackBANK1  000000
__LcstackCOMRAM                                           cstackCOMRAM 000000
__Ldata                                                   data         000000
__LdataBANK1                                              dataBANK1    000000
__Leeprom_data                                            eeprom_data  000000
__Lfarbss                                                 farbss       000000
__Lfardata                                                fardata      000000
__Libigdata                                               ibigdata     000000
__Lidata                                                  idata        000000
__LidataBANK1                                             idataBANK1   000000
__Lidloc                                                  idloc        000000
__Lifardata                                               ifardata     000000
__Linit                                                   init         0000C4
__Lintcode                                                intcode      000008
__Lintcode_body                                           intcode_body 000000
__Lintcodelo                                              intcodelo    0000C4
__Lintentry                                               intentry     000000
__Lintret                                                 intret       000000
__Lintsave_regs                                           intsave_regs 000000
__Lirdata                                                 irdata       000000
__Lmediumconst                                            mediumconst  00FD3A
__LnvBANK0                                                nvBANK0      000000
__LnvFARRAM                                               nvFARRAM     000000
__Lnvbit                                                  nvbit        000000
__Lnvrram                                                 nvrram       000000
__Lparam                                                  rparam       000000
__Lpowerup                                                powerup      0000C4
__Lram                                                    ram          000000
__Lramtop                                                 ramtop       000F00
__Lrbit                                                   rbit         000000
__Lrbss                                                   rbss         000000
__Lrdata                                                  rdata        000000
__Lreset_vec                                              reset_vec    000000
__Lrparam                                                 rparam       000000
__Lsfr                                                    sfr          000000
__Lsmallconst                                             smallconst   000000
__Lspace_0                                                (abs)        000000
__Lspace_1                                                (abs)        000000
__Lspace_2                                                (abs)        000000
__Lspace_4                                                (abs)        000000
__Lstack                                                  stack        000000
__Lstruct                                                 struct       000000
__Ltemp                                                   temp         000046
__Ltext                                                   text         000000
__Ltext0                                                  text0        000000
__Ltext1                                                  text1        000000
__Ltext10                                                 text10       000000
__Ltext11                                                 text11       000000
__Ltext12                                                 text12       000000
__Ltext13                                                 text13       000000
__Ltext14                                                 text14       000000
__Ltext15                                                 text15       000000
__Ltext16                                                 text16       000000
__Ltext17                                                 text17       000000
__Ltext18                                                 text18       000000
__Ltext19                                                 text19       000000
__Ltext2                                                  text2        000000
__Ltext20                                                 text20       000000
__Ltext21                                                 text21       000000
__Ltext22                                                 text22       000000
__Ltext23                                                 text23       000000
__Ltext24                                                 text24       000000
__Ltext25                                                 text25       000000
__Ltext26                                                 text26       000000
__Ltext27                                                 text27       000000
__Ltext28                                                 text28       000000
__Ltext29                                                 text29       000000
__Ltext3                                                  text3        000000
__Ltext30                                                 text30       000000
__Ltext31                                                 text31       000000
__Ltext32                                                 text32       000000
__Ltext33                                                 text33       000000
__Ltext34                                                 text34       000000
__Ltext35                                                 text35       000000
__Ltext36                                                 text36       000000
__Ltext37                                                 text37       000000
__Ltext38                                                 text38       000000
__Ltext39                                                 text39       000000
__Ltext4                                                  text4        000000
__Ltext40                                                 text40       000000
__Ltext41                                                 text41       000000
__Ltext42                                                 text42       000000
__Ltext43                                                 text43       000000
__Ltext44                                                 text44       000000
__Ltext45                                                 text45       000000
__Ltext47                                                 text47       000000
__Ltext48                                                 text48       000000
__Ltext49                                                 text49       000000
__Ltext5                                                  text5        000000
__Ltext50                                                 text50       000000
__Ltext51                                                 text51       000000
__Ltext52                                                 text52       000000
__Ltext53                                                 text53       000000
__Ltext54                                                 text54       000000
__Ltext55                                                 text55       000000
__Ltext56                                                 text56       000000
__Ltext57                                                 text57       000000
__Ltext58                                                 text58       000000
__Ltext59                                                 text59       000000
__Ltext6                                                  text6        000000
__Ltext60                                                 text60       000000
__Ltext61                                                 text61       000000
__Ltext62                                                 text62       000000
__Ltext63                                                 text63       000000
__Ltext64                                                 text64       000000
__Ltext65                                                 text65       000000
__Ltext66                                                 text66       000000
__Ltext67                                                 text67       000000
__Ltext68                                                 text68       000000
__Ltext69                                                 text69       000000
__Ltext7                                                  text7        000000
__Ltext70                                                 text70       000000
__Ltext71                                                 text71       000000
__Ltext72                                                 text72       000000
__Ltext73                                                 text73       000000
__Ltext74                                                 text74       000000
__Ltext75                                                 text75       000000
__Ltext76                                                 text76       000000
__Ltext77                                                 text77       000000
__Ltext78                                                 text78       000000
__Ltext79                                                 text79       000000
__Ltext8                                                  text8        000000
__Ltext80                                                 text80       000000
__Ltext81                                                 text81       000000
__Ltext82                                                 text82       000000
__Ltext83                                                 text83       000000
__Ltext84                                                 text84       000000
__Ltext85                                                 text85       000000
__Ltext86                                                 text86       000000
__Ltext87                                                 text87       000000
__Ltext88                                                 text88       000000
__Ltext89                                                 text89       000000
__Ltext9                                                  text9        000000
__Ltext90                                                 text90       000000
__S0                                                      (abs)        010000
__S1                                                      (abs)        0001ED
__S2                                                      (abs)        000000
__S4                                                      (abs)        000000
__S5                                                      (abs)        000000
___awdiv                                                  text23       002D40
___awdiv@counter                                          cstackCOMRAM 00001E
___awdiv@dividend                                         cstackCOMRAM 00001A
___awdiv@divisor                                          cstackCOMRAM 00001C
___awdiv@quotient                                         cstackCOMRAM 000020
___awdiv@sign                                             cstackCOMRAM 00001F
___awmod                                                  text22       002EC8
___awmod@counter                                          cstackCOMRAM 00001E
___awmod@dividend                                         cstackCOMRAM 00001A
___awmod@divisor                                          cstackCOMRAM 00001C
___awmod@sign                                             cstackCOMRAM 00001F
___fladd                                                  text18       000D2A
___fladd@a                                                cstackCOMRAM 00001E
___fladd@aexp                                             cstackCOMRAM 000027
___fladd@b                                                cstackCOMRAM 00001A
___fladd@bexp                                             cstackCOMRAM 000028
___fladd@grs                                              cstackCOMRAM 000029
___fladd@signs                                            cstackCOMRAM 000026
___fldiv                                                  text39       001A9C
___fldiv@a                                                cstackCOMRAM 00001E
___fldiv@aexp                                             cstackBANK0  00006C
___fldiv@b                                                cstackCOMRAM 00001A
___fldiv@bexp                                             cstackBANK0  00006B
___fldiv@grs                                              cstackBANK0  000067
___fldiv@new_exp                                          cstackBANK0  000065
___fldiv@rem                                              cstackBANK0  000060
___fldiv@sign                                             cstackBANK0  000064
___fleq                                                   text21       002F78
___fleq@ff1                                               cstackCOMRAM 00001A
___fleq@ff2                                               cstackCOMRAM 00001E
___flge                                                   text20       002800
___flge@ff1                                               cstackBANK0  000079
___flge@ff2                                               cstackBANK0  00007D
___flmul                                                  text38       001670
___flmul@a                                                cstackBANK0  000064
___flmul@aexp                                             cstackBANK0  00006D
___flmul@b                                                cstackBANK0  000060
___flmul@bexp                                             cstackBANK0  000072
___flmul@grs                                              cstackBANK0  00006E
___flmul@prod                                             cstackBANK0  000073
___flmul@sign                                             cstackBANK0  00006C
___flmul@temp                                             cstackBANK0  000077
___flneg                                                  text19       0036EE
___flneg@f1                                               cstackCOMRAM 00001A
___flsub                                                  text17       0035AA
___flsub@a                                                cstackBANK0  00007D
___flsub@b                                                cstackBANK0  000079
___fltol                                                  text16       0026FA
___fltol@exp1                                             cstackCOMRAM 000023
___fltol@f1                                               cstackCOMRAM 00001A
___fltol@sign1                                            cstackCOMRAM 000022
___fpclassifyf                                            text15       002906
___fpclassifyf@F465                                       bssCOMRAM    000032
___fpclassifyf@e                                          cstackCOMRAM 000022
___fpclassifyf@u                                          cstackCOMRAM 000024
___fpclassifyf@x                                          cstackCOMRAM 00001A
___inthi_sp                                               stack        000000
___intlo_sp                                               stack        000000
___lldiv                                                  text35       0030C8
___lldiv@counter                                          cstackCOMRAM 000026
___lldiv@dividend                                         cstackCOMRAM 00001A
___lldiv@divisor                                          cstackCOMRAM 00001E
___lldiv@quotient                                         cstackCOMRAM 000022
___param_bank                                             (abs)        000000
___rparam_used                                            (abs)        000001
___sp                                                     stack        000000
___wmul                                                   text33       003950
___wmul@multiplicand                                      cstackCOMRAM 00001C
___wmul@multiplier                                        cstackCOMRAM 00001A
___wmul@product                                           cstackCOMRAM 00001E
___xxtofl                                                 text37       00204E
___xxtofl@arg                                             cstackCOMRAM 00002A
___xxtofl@exp                                             cstackCOMRAM 000029
___xxtofl@sign                                            cstackCOMRAM 000028
___xxtofl@val                                             cstackCOMRAM 000020
__accesstop                                               (abs)        000060
__activetblptr                                            (abs)        000003
__end_of_ASCII                                            mediumconst  00FF3B
__end_of_Current_ReadRegister                             text36       0025E8
__end_of_I2C_CallbackReturnReset                          text73       003AEE
__end_of_I2C_CallbackReturnStop                           text74       003AF2
__end_of_I2C_DO_ADDRESS_NACK                              text50       003338
__end_of_I2C_DO_IDLE                                      text64       003A62
__end_of_I2C_DO_RCEN                                      text59       003A56
__end_of_I2C_DO_RESET                                     text51       003A4A
__end_of_I2C_DO_RX                                        text60       0030C8
__end_of_I2C_DO_RX_ACK                                    text54       003A9C
__end_of_I2C_DO_RX_NACK_RESTART                           text52       003A8C
__end_of_I2C_DO_RX_NACK_STOP                              text53       003A94
__end_of_I2C_DO_SEND_ADR_READ                             text63       003A30
__end_of_I2C_DO_SEND_ADR_WRITE                            text62       003A20
__end_of_I2C_DO_SEND_RESTART                              text56       003AAC
__end_of_I2C_DO_SEND_RESTART_READ                         text58       003ABC
__end_of_I2C_DO_SEND_RESTART_WRITE                        text57       003AB4
__end_of_I2C_DO_SEND_STOP                                 text55       003AA4
__end_of_I2C_DO_TX                                        text61       002EC8
__end_of_I2C_DO_TX_EMPTY                                  text65       0031E8
__end_of_I2C_MasterClearIrq                               text49       003ADE
__end_of_I2C_MasterEnableRestart                          text89       003AFA
__end_of_I2C_MasterFsm                                    text48       0032D2
__end_of_I2C_MasterGetRxData                              text70       003AE6
__end_of_I2C_MasterIsNack                                 text67       0039EC
__end_of_I2C_MasterIsr                                    text47       003ACA
__end_of_I2C_MasterSendAck                                text69       003AD0
__end_of_I2C_MasterSendNack                               text71       003AD6
__end_of_I2C_MasterSendTxData                             text68       003AC4
__end_of_I2C_MasterSetIrq                                 text66       003AE2
__end_of_I2C_MasterStartRx                                text72       003AEA
__end_of_I2C_MasterStop                                   text88       003AF6
__end_of_I2C_Master_Init                                  text34       0034B8
__end_of_I2C_Master_Read                                  text44       0037CA
__end_of_I2C_Master_RepeatedStart                         text43       003A84
__end_of_I2C_Master_Start                                 text42       003A7C
__end_of_I2C_Master_Stop                                  text41       003A74
__end_of_I2C_Master_Wait                                  text45       00399C
__end_of_I2C_Master_Write                                 text40       003A6C
__end_of_I2C_SetBuffer                                    text87       0039C0
__end_of_I2C_SetCallback                                  text86       003262
__end_of_I2C_SetDataCompleteCallback                      text85       0039D8
__end_of_INTERRUPT_Initialize                             text31       003ADA
__end_of_INTERRUPT_InterruptManager                       intcode      0000C4
__end_of_OSCILLATOR_Initialize                            text30       0039FE
__end_of_PIN_MANAGER_Initialize                           text29       003950
__end_of_Power_ReadRegister                               text32       0026FA
__end_of_SYSTEM_Initialize                                text28       003A3E
__end_of_Voltage_ReadRegister                             text27       0024C4
__end_of___awdiv                                          text23       002E04
__end_of___awmod                                          text22       002F78
__end_of___fladd                                          text18       0011EA
__end_of___fldiv                                          text39       001E38
__end_of___fleq                                           text21       003022
__end_of___flge                                           text20       002906
__end_of___flmul                                          text38       001A9C
__end_of___flneg                                          text19       003726
__end_of___flsub                                          text17       0035F2
__end_of___fltol                                          text16       002800
__end_of___fpclassifyf                                    text15       002A04
__end_of___lldiv                                          text35       00316C
__end_of___wmul                                           text33       003976
__end_of___xxtofl                                         text37       002202
__end_of__initialization                                  cinit        0035A0
__end_of_atoi                                             text24       0023A0
__end_of_efgtoa                                           text5        000D2A
__end_of_floorf                                           text14       00204E
__end_of_fputc                                            text12       002C78
__end_of_fputs                                            text11       003636
__end_of_i2c_fsmStateTable                                mediumconst  00FD5B
__end_of_isdigit                                          text26       00375E
__end_of_isspace                                          text25       00355C
__end_of_isupper                                          text7        0036EE
__end_of_main                                             text0        002BAE
__end_of_pad                                              text9        002D40
__end_of_putch                                            text13       003AFC
__end_of_rd1RegCompleteHandler                            text82       0038D2
__end_of_rd1RegCompleteHandler@i2c_master_example$F148    text78       00384E
__end_of_rd2RegCompleteHandler                            text81       0038A6
__end_of_rd2RegCompleteHandler@i2c_master_example$F159    text77       003822
__end_of_rdBlkRegCompleteHandler                          text79       0036B6
__end_of_rdBlkRegCompleteHandler@i2c_master_example$F182  text75       003676
__end_of_sprintf                                          text1        00350A
__end_of_strcpy                                           text8        00345A
__end_of_strlen                                           text10       003794
__end_of_strncmp                                          text4        002AE0
__end_of_tolower                                          text6        0033FC
__end_of_vfpfcnvrt                                        text3        001670
__end_of_vfprintf                                         text2        00339C
__end_of_wr1RegCompleteHandler                            text83       0038FE
__end_of_wr1RegCompleteHandler@i2c_master_example$F165    text76       0037F6
__end_of_wr2RegCompleteHandler                            text80       00387A
__end_of_wr2RegCompleteHandler@i2c_master_example$F171    text84       00392A
__initialization                                          cinit        00355C
__mediumconst                                             mediumconst  00FD3A
__pbssBANK0                                               bssBANK0     0000E1
__pbssBANK1                                               bssBANK1     000100
__pbssCOMRAM                                              bssCOMRAM    00002E
__pcinit                                                  cinit        00355C
__pcstackBANK0                                            cstackBANK0  000060
__pcstackBANK1                                            cstackBANK1  0001C4
__pcstackCOMRAM                                           cstackCOMRAM 000001
__pdataBANK1                                              dataBANK1    0001DC
__pidataBANK1                                             idataBANK1   0039FE
__pintcode                                                intcode      000008
__pmediumconst                                            mediumconst  00FD3A
__pnvBANK0                                                nvBANK0      0000F3
__ptext0                                                  text0        002AE0
__ptext1                                                  text1        0034B8
__ptext10                                                 text10       00375E
__ptext11                                                 text11       0035F2
__ptext12                                                 text12       002BAE
__ptext13                                                 text13       003AFA
__ptext14                                                 text14       001E38
__ptext15                                                 text15       002906
__ptext16                                                 text16       0026FA
__ptext17                                                 text17       0035AA
__ptext18                                                 text18       000D2A
__ptext19                                                 text19       0036EE
__ptext2                                                  text2        003338
__ptext20                                                 text20       002800
__ptext21                                                 text21       002F78
__ptext22                                                 text22       002EC8
__ptext23                                                 text23       002D40
__ptext24                                                 text24       002202
__ptext25                                                 text25       00350A
__ptext26                                                 text26       003726
__ptext27                                                 text27       0023A0
__ptext28                                                 text28       003A30
__ptext29                                                 text29       00392A
__ptext3                                                  text3        0011EA
__ptext30                                                 text30       0039EC
__ptext31                                                 text31       003AD6
__ptext32                                                 text32       0025E8
__ptext33                                                 text33       003950
__ptext34                                                 text34       00345A
__ptext35                                                 text35       0030C8
__ptext36                                                 text36       0024C4
__ptext37                                                 text37       00204E
__ptext38                                                 text38       001670
__ptext39                                                 text39       001A9C
__ptext4                                                  text4        002A04
__ptext40                                                 text40       003A62
__ptext41                                                 text41       003A6C
__ptext42                                                 text42       003A74
__ptext43                                                 text43       003A7C
__ptext44                                                 text44       003794
__ptext45                                                 text45       003976
__ptext47                                                 text47       003AC4
__ptext48                                                 text48       003262
__ptext49                                                 text49       003ADA
__ptext5                                                  text5        0000C8
__ptext50                                                 text50       0032D2
__ptext51                                                 text51       003A3E
__ptext52                                                 text52       003A84
__ptext53                                                 text53       003A8C
__ptext54                                                 text54       003A94
__ptext55                                                 text55       003A9C
__ptext56                                                 text56       003AA4
__ptext57                                                 text57       003AAC
__ptext58                                                 text58       003AB4
__ptext59                                                 text59       003A4A
[...]
		 -> I2C_Read1ByteRegister@returnValue(1), i2c_readDataBlock@d(4), i2c_write2ByteRegister@data(2), i2c_read2ByteRegister@result(2), 
		 -> i2c_read1ByteRegister@d2(1), i2c_write1ByteRegister@data(1), NULL(0), 
 Auto vars:     Size  Location     Type
		None
 Return value:  Size  Location     Type
                  1    wreg      void 
 Registers used:
		wreg, fsr2l, fsr2h, status,2, status,0, prodl, prodh, cstack
 Tracked objects:
		On entry : 
		On exit  : 
		Unchanged: 
 Data sizes:     COMRAM   BANK0   BANK1   BANK2   BANK3   BANK4   BANK5   BANK6   BANK7   BANK8   BANK9  BANK10  BANK11  BANK12  BANK13  BANK14
      Params:         4       0       0       0       0       0       0       0       0       0       0       0       0       0       0       0
      Locals:         0       0       0       0       0       0       0       0       0       0       0       0       0       0       0       0
      Temps:          0       0       0       0       0       0       0       0       0       0       0       0       0       0       0       0
      Totals:         4       0       0       0       0       0       0       0       0       0       0       0       0       0       0       0
Total ram usage:        4 bytes
 Hardware stack levels used:    1
 Hardware stack levels required when called:    1
 This function calls:
		_I2C_SetCallback
 This function is called by:
		_wr1RegCompleteHandler
		_rd1RegCompleteHandler
		_rd2RegCompleteHandler
		_wr2RegCompleteHandler
		_rdBlkRegCompleteHandler
		_rd1RegCompleteHandler@i2c_master_example$F148
		_rd2RegCompleteHandler@i2c_master_example$F159
		_wr1RegCompleteHandler@i2c_master_example$F165
		_wr2RegCompleteHandler@i2c_master_example$F171
		_rdBlkRegCompleteHandler@i2c_master_example$F182
		_i2c_write1ByteRegister
		_i2c_read1ByteRegister
		_i2c_read2ByteRegister
		_i2c_write2ByteRegister
		_i2c_readDataBlock
		_I2C_Read1ByteRegister
		_I2C_Read2ByteRegister
		_I2C_Write1ByteRegister
		_I2C_Write2ByteRegister
		_I2C_ReadDataBlock
 This function uses a non-reentrant model


 *************** function _I2C_SetCallback *****************
 Defined at:
		line 304 in file "mcc_generated_files/i2c_master.c"
 Parameters:    Size  Location     Type
  idx             1    wreg     enum E12601
  cb              2    0[COMRAM] PTR FTN(PTR void ,)enum 
		 -> Absolute function(1), rdBlkRegCompleteHandler@i2c_master_example$F182(1), wr2RegCompleteHandler@i2c_master_example$F171(1), wr1RegCompleteHandler@i2c_master_example$F165(1), 
		 -> rd2RegCompleteHandler@i2c_master_example$F159(1), rd1RegCompleteHandler@i2c_master_example$F148(1), rdBlkRegCompleteHandler(1), wr2RegCompleteHandler(1), 
		 -> rd2RegCompleteHandler(1), rd1RegCompleteHandler(1), wr1RegCompleteHandler(1), 
  ptr             2    2[COMRAM] PTR void 
		 -> I2C_ReadDataBlock@bufferBlock(4), I2C_Write2ByteRegister@data(2), I2C_Write1ByteRegister@data(1), I2C_Read2ByteRegister@returnValue(2), 
		 -> I2C_Read1ByteRegister@returnValue(1), i2c_readDataBlock@d(4), i2c_write2ByteRegister@data(2), i2c_read2ByteRegister@result(2), 
		 -> i2c_read1ByteRegister@d2(1), i2c_write1ByteRegister@data(1), NULL(0), 
 Auto vars:     Size  Location     Type
  idx             1    4[COMRAM] enum E12601
 Return value:  Size  Location     Type
                  1    wreg      void 
 Registers used:
		wreg, fsr2l, fsr2h, status,2, status,0, prodl, prodh
 Tracked objects:
		On entry : 
		On exit  : 
		Unchanged: 
 Data sizes:     COMRAM   BANK0   BANK1   BANK2   BANK3   BANK4   BANK5   BANK6   BANK7   BANK8   BANK9  BANK10  BANK11  BANK12  BANK13  BANK14
      Params:         4       0       0       0       0       0       0       0       0       0       0       0       0       0       0       0
      Locals:         1       0       0       0       0       0       0       0       0       0       0       0       0       0       0       0
      Temps:          0       0       0       0       0       0       0       0       0       0       0       0       0       0       0       0
      Totals:         5       0       0       0       0       0       0       0       0       0       0       0       0       0       0       0
Total ram usage:        5 bytes
 Hardware stack levels used:    1
 This function calls:
		Nothing
 This function is called by:
		_I2C_SetDataCompleteCallback
		_I2C_SetWriteCollisionCallback
		_I2C_SetAddressNackCallback
		_I2C_SetDataNackCallback
		_I2C_SetTimeoutCallback
 This function uses a non-reentrant model


 *************** function _I2C_SetBuffer *****************
 Defined at:
		line 264 in file "mcc_generated_files/i2c_master.c"
 Parameters:    Size  Location     Type
  buffer          2    0[COMRAM] PTR void 
		 -> Oled_Data@data_I2C(2), Oled_Command@data_I2C(2), I2CSIMPLE_example@receiveData(15), I2CSIMPLE_example@sendData(17), 
		 -> I2C_ReadDataBlock@reg(1), I2C_ReadDataBlock@bufferBlock(4), I2C_Write2ByteRegister@reg(1), I2C_Write2ByteRegister@data(2), 
		 -> I2C_Write1ByteRegister@reg(1), I2C_Write1ByteRegister@data(1), I2C_Read2ByteRegister@reg(1), I2C_Read2ByteRegister@returnValue(2), 
		 -> I2C_Read1ByteRegister@reg(1), I2C_Read1ByteRegister@returnValue(1), i2c_readDataBlock@reg(1), i2c_readDataBlock@d(4), 
		 -> i2c_write2ByteRegister@reg(1), i2c_write2ByteRegister@data(2), i2c_read2ByteRegister@reg(1), i2c_read2ByteRegister@result(2), 
		 -> i2c_read1ByteRegister@reg(1), i2c_read1ByteRegister@d2(1), i2c_write1ByteRegister@reg(1), i2c_write1ByteRegister@data(1), 
		 -> NULL(0), 
  bufferSize      2    2[COMRAM] unsigned int 
 Auto vars:     Size  Location     Type
		None
 Return value:  Size  Location     Type
                  1    wreg      void 
 Registers used:
		wreg, status,2, status,0
 Tracked objects:
		On entry : 
		On exit  : 
		Unchanged: 
 Data sizes:     COMRAM   BANK0   BANK1   BANK2   BANK3   BANK4   BANK5   BANK6   BANK7   BANK8   BANK9  BANK10  BANK11  BANK12  BANK13  BANK14
      Params:         4       0       0       0       0       0       0       0       0       0       0       0       0       0       0       0
      Locals:         0       0       0       0       0       0       0       0       0       0       0       0       0       0       0       0
      Temps:          0       0       0       0       0       0       0       0       0       0       0       0       0       0       0       0
      Totals:         4       0       0       0       0       0       0       0       0       0       0       0       0       0       0       0
Total ram usage:        4 bytes
 Hardware stack levels used:    1
 This function calls:
		Nothing
 This function is called by:
		_wr1RegCompleteHandler
		_rd1RegCompleteHandler
		_rd2RegCompleteHandler
		_wr2RegCompleteHandler
		_rdBlkRegCompleteHandler
		_rd1RegCompleteHandler@i2c_master_example$F148
		_rd2RegCompleteHandler@i2c_master_example$F159
		_wr1RegCompleteHandler@i2c_master_example$F165
		_wr2RegCompleteHandler@i2c_master_example$F171
		_rdBlkRegCompleteHandler@i2c_master_example$F182
		_i2c_write1ByteRegister
		_i2c_writeNBytes
		_i2c_read1ByteRegister
		_i2c_read2ByteRegister
		_i2c_write2ByteRegister
		_i2c_readDataBlock
		_i2c_readNBytes
		_I2C_Read1ByteRegister
		_I2C_Read2ByteRegister
		_I2C_Write1ByteRegister
		_I2C_Write2ByteRegister
		_I2C_WriteNBytes
		_I2C_ReadNBytes
		_I2C_ReadDataBlock
 This function uses a non-reentrant model


 *************** function _I2C_MasterStop *****************
 Defined at:
		line 594 in file "mcc_generated_files/i2c_master.c"
 Parameters:    Size  Location     Type
		None
 Auto vars:     Size  Location     Type
		None
 Return value:  Size  Location     Type
                  1    wreg      void 
 Registers used:
		None
 Tracked objects:
		On entry : 
		On exit  : 
		Unchanged: 
 Data sizes:     COMRAM   BANK0   BANK1   BANK2   BANK3   BANK4   BANK5   BANK6   BANK7   BANK8   BANK9  BANK10  BANK11  BANK12  BANK13  BANK14
      Params:         0       0       0       0       0       0       0       0       0       0       0       0       0       0       0       0
      Locals:         0       0       0       0       0       0       0       0       0       0       0       0       0       0       0       0
      Temps:          0       0       0       0       0       0       0       0       0       0       0       0       0       0       0       0
      Totals:         0       0       0       0       0       0       0       0       0       0       0       0       0       0       0       0
Total ram usage:        0 bytes
 Hardware stack levels used:    1
 This function calls:
		Nothing
 This function is called by:
		_I2C_DO_SEND_STOP
 This function uses a non-reentrant model


 *************** function _I2C_MasterEnableRestart *****************
 Defined at:
		line 574 in file "mcc_generated_files/i2c_master.c"
 Parameters:    Size  Location     Type
		None
 Auto vars:     Size  Location     Type
		None
 Return value:  Size  Location     Type
                  1    wreg      void 
 Registers used:
		None
 Tracked objects:
		On entry : 
		On exit  : 
		Unchanged: 
 Data sizes:     COMRAM   BANK0   BANK1   BANK2   BANK3   BANK4   BANK5   BANK6   BANK7   BANK8   BANK9  BANK10  BANK11  BANK12  BANK13  BANK14
      Params:         0       0       0       0       0       0       0       0       0       0       0       0       0       0       0       0
      Locals:         0       0       0       0       0       0       0       0       0       0       0       0       0       0       0       0
      Temps:          0       0       0       0       0       0       0       0       0       0       0       0       0       0       0       0
      Totals:         0       0       0       0       0       0       0       0       0       0       0       0       0       0       0       0
Total ram usage:        0 bytes
 Hardware stack levels used:    1
 This function calls:
		Nothing
 This function is called by:
		_I2C_DO_SEND_RESTART_READ
		_I2C_DO_SEND_RESTART_WRITE
		_I2C_DO_SEND_RESTART
		_I2C_DO_RX_EMPTY
 This function uses a non-reentrant model



MODULE INFORMATION

Module		Function		Class		Link	Load	Size
C:\Program Files\Microchip\xc8\v2.31\pic\sources\c99\common\isdigit.c
		_isdigit       		CODE           	3726	0000	56

C:\Program Files\Microchip\xc8\v2.31\pic\sources\c99\common\isdigit.c estimated size: 56

C:\Program Files\Microchip\xc8\v2.31\pic\sources\c99\common\sprcadd.c
		___flsub       		CODE           	35AA	0000	72
		___fladd       		CODE           	0D2A	0000	1216

C:\Program Files\Microchip\xc8\v2.31\pic\sources\c99\common\sprcadd.c estimated size: 1288

C:\Program Files\Microchip\xc8\v2.31\pic\sources\c99\common\flneg.c
		___flneg       		CODE           	36EE	0000	56

C:\Program Files\Microchip\xc8\v2.31\pic\sources\c99\common\flneg.c estimated size: 56

C:\Program Files\Microchip\xc8\v2.31\pic\sources\c99\common\putch.c
		_putch         		CODE           	3AFA	0000	2

C:\Program Files\Microchip\xc8\v2.31\pic\sources\c99\common\putch.c estimated size: 2

C:\Program Files\Microchip\xc8\v2.31\pic\sources\c99\common\nf_fputs.c
		_fputs         		CODE           	35F2	0000	68

C:\Program Files\Microchip\xc8\v2.31\pic\sources\c99\common\nf_fputs.c estimated size: 68

mcc_generated_files/interrupt_manager.c
		_INTERRUPT_Initialize		CODE           	3AD6	0000	4
		_INTERRUPT_InterruptManager		CODE           	0008	0000	188

mcc_generated_files/interrupt_manager.c estimated size: 192

C:\Program Files\Microchip\xc8\v2.31\pic\sources\c99\common\xxtofl.c
		___xxtofl      		CODE           	204E	0000	436

C:\Program Files\Microchip\xc8\v2.31\pic\sources\c99\common\xxtofl.c estimated size: 436

mcc_generated_files/examples/i2c_master_example.c
		_rdBlkRegCompleteHandler@i2c_master_example$F182		CODE           	3636	0000	64
		_rd1RegCompleteHandler@i2c_master_example$F148		CODE           	3822	0000	44
		_rd2RegCompleteHandler@i2c_master_example$F159		CODE           	37F6	0000	44
		_wr1RegCompleteHandler@i2c_master_example$F165		CODE           	37CA	0000	44
		_wr2RegCompleteHandler@i2c_master_example$F171		CODE           	38FE	0000	44

mcc_generated_files/examples/i2c_master_example.c estimated size: 240

C:\Program Files\Microchip\xc8\v2.31\pic\sources\c99\common\atoi.c
		_atoi          		CODE           	2202	0000	414

C:\Program Files\Microchip\xc8\v2.31\pic\sources\c99\common\atoi.c estimated size: 414

C:\Program Files\Microchip\xc8\v2.31\pic\sources\c99\common\fleq.c
		___fleq        		CODE           	2F78	0000	170

C:\Program Files\Microchip\xc8\v2.31\pic\sources\c99\common\fleq.c estimated size: 170

C:\Program Files\Microchip\xc8\v2.31\pic\sources\c99\common\strlen.c
		_strlen        		CODE           	375E	0000	54

C:\Program Files\Microchip\xc8\v2.31\pic\sources\c99\common\strlen.c estimated size: 54

C:\Program Files\Microchip\xc8\v2.31\pic\sources\c99\common\floorf.c
		_floorf        		CODE           	1E38	0000	534

C:\Program Files\Microchip\xc8\v2.31\pic\sources\c99\common\floorf.c estimated size: 534

mcc_generated_files/pin_manager.c
		_PIN_MANAGER_Initialize		CODE           	392A	0000	38

mcc_generated_files/pin_manager.c estimated size: 38

C:\Program Files\Microchip\xc8\v2.31\pic\sources\c99\common\strcpy.c
		_strcpy        		CODE           	33FC	0000	94

C:\Program Files\Microchip\xc8\v2.31\pic\sources\c99\common\strcpy.c estimated size: 94

C:\Program Files\Microchip\xc8\v2.31\pic\sources\c99\common\awmod.c
		___awmod       		CODE           	2EC8	0000	176

C:\Program Files\Microchip\xc8\v2.31\pic\sources\c99\common\awmod.c estimated size: 176

mcc_generated_files/drivers/i2c_simple_master.c
		_wr1RegCompleteHandler		CODE           	38D2	0000	44
		_wr2RegCompleteHandler		CODE           	384E	0000	44
		_rdBlkRegCompleteHandler		CODE           	3676	0000	64
		_rd1RegCompleteHandler		CODE           	38A6	0000	44
		_rd2RegCompleteHandler		CODE           	387A	0000	44

mcc_generated_files/drivers/i2c_simple_master.c estimated size: 240

C:\Program Files\Microchip\xc8\v2.31\pic\sources\c99\common\isupper.c
		_isupper       		CODE           	36B6	0000	56

C:\Program Files\Microchip\xc8\v2.31\pic\sources\c99\common\isupper.c estimated size: 56

C:\Program Files\Microchip\xc8\v2.31\pic\sources\c99\common\nf_fputc.c
		_fputc         		CODE           	2BAE	0000	202

C:\Program Files\Microchip\xc8\v2.31\pic\sources\c99\common\nf_fputc.c estimated size: 202

shared
		_ASCII         		MEDIUMCONST    	FD5B	0000	480
		__initialization		CODE           	355C	0000	68
		_i2c_fsmStateTable		MEDIUMCONST    	FD3B	0000	32

shared estimated size: 580

mcc_generated_files/mcc.c
		_OSCILLATOR_Initialize		CODE           	39EC	0000	18
		_SYSTEM_Initialize		CODE           	3A30	0000	14

mcc_generated_files/mcc.c estimated size: 32

C:\Program Files\Microchip\xc8\v2.31\pic\sources\c99\common\tolower.c
		_tolower       		CODE           	339C	0000	96

C:\Program Files\Microchip\xc8\v2.31\pic\sources\c99\common\tolower.c estimated size: 96

C:\Program Files\Microchip\xc8\v2.31\pic\sources\c99\common\sprcmul.c
		___flmul       		CODE           	1670	0000	1068

C:\Program Files\Microchip\xc8\v2.31\pic\sources\c99\common\sprcmul.c estimated size: 1068

C:\Program Files\Microchip\xc8\v2.31\pic\sources\c99\common\awdiv.c
		___awdiv       		CODE           	2D40	0000	196

C:\Program Files\Microchip\xc8\v2.31\pic\sources\c99\common\awdiv.c estimated size: 196

C:\Program Files\Microchip\xc8\v2.31\pic\sources\c99\common\doprnt.c
		_vfpfcnvrt     		CODE           	11EA	0000	1158
		_efgtoa        		CODE           	00C8	0000	3170
		_pad           		CODE           	2C78	0000	200
		_vfprintf      		CODE           	3338	0000	100

C:\Program Files\Microchip\xc8\v2.31\pic\sources\c99\common\doprnt.c estimated size: 4628

C:\Program Files\Microchip\xc8\v2.31\pic\sources\c99\common\sprcdiv.c
		___fldiv       		CODE           	1A9C	0000	924

C:\Program Files\Microchip\xc8\v2.31\pic\sources\c99\common\sprcdiv.c estimated size: 924

C:\Program Files\Microchip\xc8\v2.31\pic\sources\c99\common\fltol.c
		___fltol       		CODE           	26FA	0000	262

C:\Program Files\Microchip\xc8\v2.31\pic\sources\c99\common\fltol.c estimated size: 262

C:\Program Files\Microchip\xc8\v2.31\pic\sources\c99\common\nf_sprintf.c
		_sprintf       		CODE           	34B8	0000	82

C:\Program Files\Microchip\xc8\v2.31\pic\sources\c99\common\nf_sprintf.c estimated size: 82

C:\Program Files\Microchip\xc8\v2.31\pic\sources\c99\common\__fpclassifyf.c
		___fpclassifyf 		CODE           	2906	0000	254

C:\Program Files\Microchip\xc8\v2.31\pic\sources\c99\common\__fpclassifyf.c estimated size: 254

C:\Program Files\Microchip\xc8\v2.31\pic\sources\c99\common\flge.c
		___flge        		CODE           	2800	0000	262

C:\Program Files\Microchip\xc8\v2.31\pic\sources\c99\common\flge.c estimated size: 262

mcc_generated_files/i2c_master.c
		_I2C_MasterStartRx		CODE           	3AE6	0000	4
		_I2C_DO_SEND_ADR_WRITE		CODE           	3A10	0000	16
		_I2C_DO_SEND_STOP		CODE           	3A9C	0000	8
		_I2C_MasterSendNack		CODE           	3AD0	0000	6
		_I2C_CallbackReturnStop		CODE           	3AEE	0000	4
		_I2C_DO_SEND_ADR_READ		CODE           	3A20	0000	16
		_I2C_DO_RX_NACK_STOP		CODE           	3A8C	0000	8
		_I2C_DO_SEND_RESTART		CODE           	3AA4	0000	8
		_I2C_DO_RX     		CODE           	3022	0000	166
		_I2C_DO_TX     		CODE           	2E04	0000	196
		_I2C_DO_IDLE   		CODE           	3A56	0000	12
		_I2C_DO_RCEN   		CODE           	3A4A	0000	12
		_I2C_DO_RESET  		CODE           	3A3E	0000	12
		_I2C_DO_RX_ACK 		CODE           	3A94	0000	8
		_I2C_MasterClearIrq		CODE           	3ADA	0000	4
		_I2C_MasterGetRxData		CODE           	3AE2	0000	4
		_I2C_SetCallback		CODE           	31E8	0000	122
		_I2C_DO_ADDRESS_NACK		CODE           	32D2	0000	102
		_I2C_MasterEnableRestart		CODE           	3AF6	0000	4
		_I2C_CallbackReturnReset		CODE           	3AEA	0000	4
		_I2C_DO_TX_EMPTY		CODE           	316C	0000	124
		_I2C_DO_SEND_RESTART_WRITE		CODE           	3AAC	0000	8
		_I2C_MasterIsNack		CODE           	39D8	0000	20
		_I2C_SetDataCompleteCallback		CODE           	39C0	0000	24
		_I2C_DO_RX_NACK_RESTART		CODE           	3A84	0000	8
		_I2C_MasterSendAck		CODE           	3ACA	0000	6
		_I2C_MasterFsm 		CODE           	3262	0000	112
		_I2C_MasterIsr 		CODE           	3AC4	0000	6
		_I2C_MasterSetIrq		CODE           	3ADE	0000	4
		_I2C_DO_SEND_RESTART_READ		CODE           	3AB4	0000	8
		_I2C_SetBuffer 		CODE           	399C	0000	36
		_I2C_MasterSendTxData		CODE           	3ABC	0000	8
		_I2C_MasterStop		CODE           	3AF2	0000	4

mcc_generated_files/i2c_master.c estimated size: 1084

C:\Program Files\Microchip\xc8\v2.31\pic\sources\c99\common\isspace.c
		_isspace       		CODE           	350A	0000	82

C:\Program Files\Microchip\xc8\v2.31\pic\sources\c99\common\isspace.c estimated size: 82

C:\Program Files\Microchip\xc8\v2.31\pic\sources\c99\common\Umul16.c
		___wmul        		CODE           	3950	0000	38

C:\Program Files\Microchip\xc8\v2.31\pic\sources\c99\common\Umul16.c estimated size: 38

INA260.c
		_I2C_Master_Read		CODE           	3794	0000	54
		_I2C_Master_Wait		CODE           	3976	0000	38
		_I2C_Master_Init		CODE           	345A	0000	94
		_I2C_Master_Stop		CODE           	3A6C	0000	8
		_I2C_Master_RepeatedStart		CODE           	3A7C	0000	8
		_Power_ReadRegister		CODE           	25E8	0000	274
		_Voltage_ReadRegister		CODE           	23A0	0000	292
		_I2C_Master_Write		CODE           	3A62	0000	10
		_I2C_Master_Start		CODE           	3A74	0000	8
		_Current_ReadRegister		CODE           	24C4	0000	292

INA260.c estimated size: 1078

main.c
		_main          		CODE           	2AE0	0000	206

main.c estimated size: 206

C:\Program Files\Microchip\xc8\v2.31\pic\sources\c99\common\strncmp.c
		_strncmp       		CODE           	2A04	0000	220

C:\Program Files\Microchip\xc8\v2.31\pic\sources\c99\common\strncmp.c estimated size: 220

C:\Program Files\Microchip\xc8\v2.31\pic\sources\c99\common\__lldiv.c
		___lldiv       		CODE           	30C8	0000	164

C:\Program Files\Microchip\xc8\v2.31\pic\sources\c99\common\__lldiv.c estimated size: 164

